<html>
<body>
<pre>
<h1>礦ision Build Log</h1>
<h2>Project:</h2>
F:\stm32\Program\fcwangbing\开始建立一个工程\demo\Project\demo.uvproj
Project File Date:  09/14/2011

<h2>Output:</h2>
Build target 'STM32F103VET6 FLASH'
compiling main.c...
compiling stm32f10x_it.c...
compiling stm32f10x_gpio.c...
compiling stm32f10x_rcc.c...
compiling core_cm3.c...
compiling system_stm32f10x.c...
assembling startup_stm32f10x_hd.s...
linking...
..\Obj\demo.axf: Error: L6218E: Undefined symbol DAC_Cmd (referred from main.o).
..\Obj\demo.axf: Error: L6218E: Undefined symbol DAC_Init (referred from main.o).
..\Obj\demo.axf: Error: L6218E: Undefined symbol DAC_SetChannel1Data (referred from main.o).
..\Obj\demo.axf: Error: L6218E: Undefined symbol DAC_SoftwareTriggerCmd (referred from main.o).
..\Obj\demo.axf: Not enough information to list image symbols.
..\Obj\demo.axf: Finished: 1 information, 0 warning and 4 error messages.
Target not created
Build target 'STM32F103VET6 FLASH'
compiling main.c...
..\User\main.c(35): error:  #20: identifier "DAC_InitTypeDef" is undefined
..\User\main.c:   DAC_InitTypeDef            DAC_InitStructure;
..\User\main.c:   ^
..\User\main.c(62): error:  #20: identifier "DAC_Trigger_Software" is undefined
..\User\main.c:     DAC_InitStructure.DAC_Trigger = DAC_Trigger_Software;
..\User\main.c:                                     ^
..\User\main.c(63): error:  #20: identifier "DAC_WaveGeneration_Noise" is undefined
..\User\main.c:     DAC_InitStructure.DAC_WaveGeneration = DAC_WaveGeneration_Noise;
..\User\main.c:                                            ^
..\User\main.c(64): error:  #20: identifier "DAC_LFSRUnmask_Bits8_0" is undefined
..\User\main.c:     DAC_InitStructure.DAC_LFSRUnmask_TriangleAmplitude = DAC_LFSRUnmask_Bits8_0;
..\User\main.c:                                                          ^
..\User\main.c(65): error:  #20: identifier "DAC_OutputBuffer_Enable" is undefined
..\User\main.c:     DAC_InitStructure.DAC_OutputBuffer = DAC_OutputBuffer_Enable;
..\User\main.c:                                          ^
..\User\main.c(66): warning:  #223-D: function "DAC_Init" declared implicitly
..\User\main.c:     DAC_Init(DAC_Channel_1, &DAC_InitStructure);
..\User\main.c:     ^
..\User\main.c(66): error:  #20: identifier "DAC_Channel_1" is undefined
..\User\main.c:     DAC_Init(DAC_Channel_1, &DAC_InitStructure);
..\User\main.c:              ^
..\User\main.c(70): warning:  #223-D: function "DAC_Cmd" declared implicitly
..\User\main.c:     DAC_Cmd(DAC_Channel_1, ENABLE);
..\User\main.c:     ^
..\User\main.c(73): warning:  #223-D: function "DAC_SetChannel1Data" declared implicitly
..\User\main.c:     DAC_SetChannel1Data(DAC_Align_12b_L, 0x7FF0);
..\User\main.c:     ^
..\User\main.c(73): error:  #20: identifier "DAC_Align_12b_L" is undefined
..\User\main.c:     DAC_SetChannel1Data(DAC_Align_12b_L, 0x7FF0);
..\User\main.c:                         ^
..\User\main.c(78): warning:  #223-D: function "DAC_SoftwareTriggerCmd" declared implicitly
..\User\main.c:       DAC_SoftwareTriggerCmd(DAC_Channel_1, ENABLE);
..\User\main.c:       ^
..\User\main.c: ..\User\main.c: 4 warnings, 7 errors
compiling stm32f10x_it.c...
compiling stm32f10x_gpio.c...
compiling stm32f10x_rcc.c...
compiling system_stm32f10x.c...
Target not created
Build target 'STM32F103VET6 FLASH'
compiling main.c...
linking...
Program Size: Code=372 RO-data=320 RW-data=0 ZI-data=608  
FromELF: creating hex file...
"..\Obj\demo.axf" - 0 Error(s), 0 Warning(s).
compiling main.c...
..\User\main.c - 0 Error(s), 0 Warning(s).
Build target 'STM32F103VET6 FLASH'
linking...
Program Size: Code=372 RO-data=320 RW-data=0 ZI-data=608  
FromELF: creating hex file...
"..\Obj\demo.axf" - 0 Error(s), 0 Warning(s).
Build target 'STM32F103VET6 FLASH'
linking...
Program Size: Code=372 RO-data=320 RW-data=0 ZI-data=608  
FromELF: creating hex file...
"..\Obj\demo.axf" - 0 Error(s), 0 Warning(s).
Build target 'STM32F103VET6 FLASH'
compiling main.c...
linking...
Program Size: Code=2508 RO-data=336 RW-data=20 ZI-data=612  
FromELF: creating hex file...
"..\Obj\demo.axf" - 0 Error(s), 0 Warning(s).
