ARM Linker, 5.03 [Build 24] [MDK-ARM Standard]

==============================================================================

Section Cross References

    startup_stm32f10x_md.o(RESET) refers to startup_stm32f10x_md.o(STACK) for __initial_sp
    startup_stm32f10x_md.o(RESET) refers to startup_stm32f10x_md.o(.text) for Reset_Handler
    startup_stm32f10x_md.o(RESET) refers to stm32f10x_it.o(.text) for NMI_Handler
    startup_stm32f10x_md.o(.text) refers to system_stm32f10x.o(.text) for SystemInit
    startup_stm32f10x_md.o(.text) refers to entry.o(.ARM.Collect$$$$00000000) for __main
    main.o(.text) refers to misc.o(.text) for NVIC_PriorityGroupConfig
    main.o(.text) refers to systick.o(.text) for SYSTICK_Init
    main.o(.text) refers to usart.o(.text) for USART1_Config
    main.o(.text) refers to led.o(.text) for LED_GPIO_Config
    main.o(.text) refers to w5500_conf.o(.text) for WizW5500_Init
    main.o(.text) refers to printfa.o(i.__0printf) for __2printf
    main.o(.text) refers to radarsensor.o(.text) for DecodeLaseData3Byte
    main.o(.text) refers to udp_demo.o(.text) for dma_udp
    main.o(.text) refers to w5500_conf.o(.data) for local_port
    main.o(.text) refers to usart.o(.data) for Buf_Ok
    stm32f10x_it.o(.text) refers to stm32f10x_tim.o(.text) for TIM_GetITStatus
    stm32f10x_it.o(.text) refers to w5500_conf.o(.text) for timer2_isr
    stm32f10x_it.o(.text) refers to stm32f10x_dma.o(.text) for DMA_GetITStatus
    stm32f10x_it.o(.text) refers to stm32f10x_it.o(.data) for nTime
    stm32f10x_it.o(.text) refers to usart.o(.data) for Free_Buf_No
    stm32f10x_it.o(.text) refers to usart.o(.bss) for DMA_InitStructure
    stm32f10x_adc.o(.text) refers to stm32f10x_rcc.o(.text) for RCC_APB2PeriphResetCmd
    stm32f10x_bkp.o(.text) refers to stm32f10x_rcc.o(.text) for RCC_BackupResetCmd
    stm32f10x_can.o(.text) refers to stm32f10x_rcc.o(.text) for RCC_APB1PeriphResetCmd
    stm32f10x_cec.o(.text) refers to stm32f10x_rcc.o(.text) for RCC_APB1PeriphResetCmd
    stm32f10x_dac.o(.text) refers to stm32f10x_rcc.o(.text) for RCC_APB1PeriphResetCmd
    stm32f10x_gpio.o(.text) refers to stm32f10x_rcc.o(.text) for RCC_APB2PeriphResetCmd
    stm32f10x_i2c.o(.text) refers to stm32f10x_rcc.o(.text) for RCC_APB1PeriphResetCmd
    stm32f10x_pwr.o(.text) refers to stm32f10x_rcc.o(.text) for RCC_APB1PeriphResetCmd
    stm32f10x_rcc.o(.text) refers to stm32f10x_rcc.o(.data) for APBAHBPrescTable
    stm32f10x_spi.o(.text) refers to stm32f10x_rcc.o(.text) for RCC_APB2PeriphResetCmd
    stm32f10x_tim.o(.text) refers to stm32f10x_rcc.o(.text) for RCC_APB2PeriphResetCmd
    stm32f10x_usart.o(.text) refers to stm32f10x_rcc.o(.text) for RCC_APB2PeriphResetCmd
    stm32f10x_wwdg.o(.text) refers to stm32f10x_rcc.o(.text) for RCC_APB1PeriphResetCmd
    system_stm32f10x.o(.text) refers to system_stm32f10x.o(.data) for SystemCoreClock
    i2c.o(.text) refers to stm32f10x_rcc.o(.text) for RCC_APB2PeriphClockCmd
    i2c.o(.text) refers to stm32f10x_gpio.o(.text) for GPIO_Init
    i2c.o(.text) refers to printfa.o(i.__0printf) for __2printf
    i2c.o(.text) refers to memcmp.o(.text) for memcmp
    led.o(.text) refers to stm32f10x_rcc.o(.text) for RCC_APB2PeriphClockCmd
    led.o(.text) refers to stm32f10x_gpio.o(.text) for GPIO_Init
    systick.o(.text) refers to system_stm32f10x.o(.data) for SystemCoreClock
    systick.o(.text) refers to stm32f10x_it.o(.data) for nTime
    usart.o(.text) refers to stm32f10x_rcc.o(.text) for RCC_APB2PeriphClockCmd
    usart.o(.text) refers to stm32f10x_gpio.o(.text) for GPIO_Init
    usart.o(.text) refers to stm32f10x_usart.o(.text) for USART_ClockInit
    usart.o(.text) refers to stm32f10x_dma.o(.text) for DMA_DeInit
    usart.o(.text) refers to usart.o(.bss) for DMA_InitStructure
    usart.o(.text) refers to usart.o(.data) for USART1_DMA_Buf1
    spix.o(.text) refers to stm32f10x_rcc.o(.text) for RCC_APB1PeriphClockCmd
    spix.o(.text) refers to stm32f10x_spi.o(.text) for SPI_Init
    timer.o(.text) refers to misc.o(.text) for NVIC_PriorityGroupConfig
    timer.o(.text) refers to stm32f10x_rcc.o(.text) for RCC_APB1PeriphClockCmd
    timer.o(.text) refers to stm32f10x_tim.o(.text) for TIM_DeInit
    socket.o(.text) refers to w5500_conf.o(.text) for IINCHIP_WRITE
    socket.o(.text) refers to w5500.o(.text) for getSn_IR
    socket.o(.text) refers to printfa.o(i.__0printf) for __2printf
    socket.o(.text) refers to w5500_conf.o(.data) for local_port
    utility.o(.text) refers to memseta.o(.text) for __aeabi_memset
    utility.o(.text) refers to strstr.o(.text) for strstr
    utility.o(.text) refers to strlen.o(.text) for strlen
    utility.o(.text) refers to strncpy.o(.text) for strncpy
    utility.o(.text) refers to strcpy.o(.text) for strcpy
    utility.o(.text) refers to strtok.o(.text) for strtok
    utility.o(.text) refers to printfa.o(i.__0sprintf) for __2sprintf
    utility.o(.text) refers to printfa.o(i.__0printf) for __c89printf
[...]
    printf8.o(i.__0vprintf$8) refers to usart.o(.text) for fputc
    printf8.o(i.__0vprintf$8) refers to stdout.o(.data) for __stdout
    printf8.o(i.__0vsnprintf$8) refers to printf8.o(i._printf_core) for _printf_core
    printf8.o(i.__0vsnprintf$8) refers to printf8.o(i._snputc) for _snputc
    printf8.o(i.__0vsprintf$8) refers to printf8.o(i._printf_core) for _printf_core
    printf8.o(i.__0vsprintf$8) refers to printf8.o(i._sputc) for _sputc
    printf8.o(i._printf_core) refers to printf8.o(i._printf_pre_padding) for _printf_pre_padding
    printf8.o(i._printf_core) refers to uldiv.o(.text) for __aeabi_uldivmod
    printf8.o(i._printf_core) refers to printf8.o(i._printf_post_padding) for _printf_post_padding
    printfa.o(i.__0fprintf) refers (Special) to iusefp.o(.text) for __I$use$fp
    printfa.o(i.__0fprintf) refers to printfa.o(i._printf_core) for _printf_core
    printfa.o(i.__0fprintf) refers to usart.o(.text) for fputc
    printfa.o(i.__0printf) refers (Special) to iusefp.o(.text) for __I$use$fp
    printfa.o(i.__0printf) refers to printfa.o(i._printf_core) for _printf_core
    printfa.o(i.__0printf) refers to usart.o(.text) for fputc
    printfa.o(i.__0printf) refers to stdout.o(.data) for __stdout
    printfa.o(i.__0snprintf) refers (Special) to iusefp.o(.text) for __I$use$fp
    printfa.o(i.__0snprintf) refers to printfa.o(i._printf_core) for _printf_core
    printfa.o(i.__0snprintf) refers to printfa.o(i._snputc) for _snputc
    printfa.o(i.__0sprintf) refers (Special) to iusefp.o(.text) for __I$use$fp
    printfa.o(i.__0sprintf) refers to printfa.o(i._printf_core) for _printf_core
    printfa.o(i.__0sprintf) refers to printfa.o(i._sputc) for _sputc
    printfa.o(i.__0vfprintf) refers (Special) to iusefp.o(.text) for __I$use$fp
    printfa.o(i.__0vfprintf) refers to printfa.o(i._printf_core) for _printf_core
    printfa.o(i.__0vfprintf) refers to usart.o(.text) for fputc
    printfa.o(i.__0vprintf) refers (Special) to iusefp.o(.text) for __I$use$fp
    printfa.o(i.__0vprintf) refers to printfa.o(i._printf_core) for _printf_core
    printfa.o(i.__0vprintf) refers to usart.o(.text) for fputc
    printfa.o(i.__0vprintf) refers to stdout.o(.data) for __stdout
    printfa.o(i.__0vsnprintf) refers (Special) to iusefp.o(.text) for __I$use$fp
    printfa.o(i.__0vsnprintf) refers to printfa.o(i._printf_core) for _printf_core
    printfa.o(i.__0vsnprintf) refers to printfa.o(i._snputc) for _snputc
    printfa.o(i.__0vsprintf) refers (Special) to iusefp.o(.text) for __I$use$fp
    printfa.o(i.__0vsprintf) refers to printfa.o(i._printf_core) for _printf_core
    printfa.o(i.__0vsprintf) refers to printfa.o(i._sputc) for _sputc
    printfa.o(i._fp_digits) refers (Special) to iusefp.o(.text) for __I$use$fp
    printfa.o(i._fp_digits) refers to dmul.o(.text) for __aeabi_dmul
    printfa.o(i._fp_digits) refers to ddiv.o(.text) for __aeabi_ddiv
    printfa.o(i._fp_digits) refers to cdrcmple.o(.text) for __aeabi_cdrcmple
    printfa.o(i._fp_digits) refers to dadd.o(.text) for __aeabi_dadd
    printfa.o(i._fp_digits) refers to dfixul.o(.text) for __aeabi_d2ulz
    printfa.o(i._fp_digits) refers to uldiv.o(.text) for __aeabi_uldivmod
    printfa.o(i._printf_core) refers (Special) to iusefp.o(.text) for __I$use$fp
    printfa.o(i._printf_core) refers to printfa.o(i._printf_pre_padding) for _printf_pre_padding
    printfa.o(i._printf_core) refers to uldiv.o(.text) for __aeabi_uldivmod
    printfa.o(i._printf_core) refers to printfa.o(i._printf_post_padding) for _printf_post_padding
    printfa.o(i._printf_core) refers to printfa.o(i._fp_digits) for _fp_digits
    printfa.o(i._printf_core) refers to uidiv.o(.text) for __aeabi_uidivmod
    printfa.o(i._printf_post_padding) refers (Special) to iusefp.o(.text) for __I$use$fp
    printfa.o(i._printf_pre_padding) refers (Special) to iusefp.o(.text) for __I$use$fp
    printfa.o(i._snputc) refers (Special) to iusefp.o(.text) for __I$use$fp
    printfa.o(i._sputc) refers (Special) to iusefp.o(.text) for __I$use$fp
    f2d.o(.text) refers (Special) to iusefp.o(.text) for __I$use$fp
    d2f.o(.text) refers (Special) to iusefp.o(.text) for __I$use$fp
    d2f.o(.text) refers to fepilogue.o(.text) for _float_round
    entry2.o(.ARM.Collect$$$$00000001) refers to entry2.o(.ARM.Collect$$$$00002712) for __lit__00000000
    entry2.o(.ARM.Collect$$$$00002712) refers to startup_stm32f10x_md.o(STACK) for __initial_sp
    entry2.o(__vectab_stack_and_reset_area) refers to startup_stm32f10x_md.o(STACK) for __initial_sp
    entry2.o(__vectab_stack_and_reset_area) refers to entry.o(.ARM.Collect$$$$00000000) for __main
    entry5.o(.ARM.Collect$$$$00000004) refers to init.o(.text) for __scatterload
    entry9a.o(.ARM.Collect$$$$0000000B) refers to main.o(.text) for main
    entry9b.o(.ARM.Collect$$$$0000000C) refers to main.o(.text) for main
    uldiv.o(.text) refers to llushr.o(.text) for __aeabi_llsr
    uldiv.o(.text) refers to llshl.o(.text) for __aeabi_llsl
    dadd.o(.text) refers to llshl.o(.text) for __aeabi_llsl
    dadd.o(.text) refers to llsshr.o(.text) for __aeabi_lasr
    dadd.o(.text) refers to depilogue.o(.text) for _double_epilogue
    dmul.o(.text) refers to depilogue.o(.text) for _double_epilogue
    ddiv.o(.text) refers to depilogue.o(.text) for _double_round
    dfixul.o(.text) refers to llushr.o(.text) for __aeabi_llsr
    dfixul.o(.text) refers to llshl.o(.text) for __aeabi_llsl
    init.o(.text) refers to entry5.o(.ARM.Collect$$$$00000004) for __main_after_scatterload
    depilogue.o(.text) refers to llshl.o(.text) for __aeabi_llsl
    depilogue.o(.text) refers to llushr.o(.text) for __aeabi_llsr


==============================================================================

Removing Unused input sections from the image.

    Removing startup_stm32f10x_md.o(HEAP), (512 bytes).
    Removing stm32f10x_adc.o(.text), (1102 bytes).
    Removing stm32f10x_bkp.o(.text), (196 bytes).
    Removing stm32f10x_can.o(.text), (2536 bytes).
    Removing stm32f10x_cec.o(.text), (288 bytes).
    Removing stm32f10x_crc.o(.text), (72 bytes).
    Removing stm32f10x_dac.o(.text), (396 bytes).
    Removing stm32f10x_dbgmcu.o(.text), (48 bytes).
    Removing stm32f10x_exti.o(.text), (284 bytes).
    Removing stm32f10x_flash.o(.text), (1468 bytes).
    Removing stm32f10x_fsmc.o(.text), (1560 bytes).
    Removing stm32f10x_i2c.o(.text), (1028 bytes).
    Removing stm32f10x_iwdg.o(.text), (64 bytes).
    Removing stm32f10x_pwr.o(.text), (204 bytes).
    Removing stm32f10x_rtc.o(.text), (324 bytes).
    Removing stm32f10x_sdio.o(.text), (472 bytes).
    Removing stm32f10x_wwdg.o(.text), (136 bytes).
    Removing timer.o(.data), (2 bytes).
    Removing dhcp.o(.text), (3692 bytes).
    Removing dhcp.o(.conststring), (5 bytes).
    Removing dhcp.o(.data), (65 bytes).

21 unused section(s) (total 14454 bytes) removed from the image.

==============================================================================

Image Symbol Table

    Local Symbols

    Symbol Name                              Value     Ov Type        Size  Object(Section)

    ../clib/../cmprslib/zerorunl2.c          0x00000000   Number         0  __dczerorl2.o ABSOLUTE
    ../clib/microlib/division.c              0x00000000   Number         0  uidiv.o ABSOLUTE
    ../clib/microlib/division.c              0x00000000   Number         0  uldiv.o ABSOLUTE
    ../clib/microlib/init/entry.s            0x00000000   Number         0  entry2.o ABSOLUTE
    ../clib/microlib/init/entry.s            0x00000000   Number         0  entry5.o ABSOLUTE
    ../clib/microlib/init/entry.s            0x00000000   Number         0  entry7a.o ABSOLUTE
    ../clib/microlib/init/entry.s            0x00000000   Number         0  entry7b.o ABSOLUTE
    ../clib/microlib/init/entry.s            0x00000000   Number         0  entry8a.o ABSOLUTE
    ../clib/microlib/init/entry.s            0x00000000   Number         0  entry8b.o ABSOLUTE
    ../clib/microlib/init/entry.s            0x00000000   Number         0  entry9a.o ABSOLUTE
    ../clib/microlib/init/entry.s            0x00000000   Number         0  entry9b.o ABSOLUTE
    ../clib/microlib/init/entry.s            0x00000000   Number         0  entry10a.o ABSOLUTE
    ../clib/microlib/init/entry.s            0x00000000   Number         0  entry10b.o ABSOLUTE
    ../clib/microlib/init/entry.s            0x00000000   Number         0  entry11a.o ABSOLUTE
    ../clib/microlib/init/entry.s            0x00000000   Number         0  entry.o ABSOLUTE
    ../clib/microlib/init/entry.s            0x00000000   Number         0  entry11b.o ABSOLUTE
    ../clib/microlib/longlong.c              0x00000000   Number         0  llshl.o ABSOLUTE
    ../clib/microlib/longlong.c              0x00000000   Number         0  llushr.o ABSOLUTE
    ../clib/microlib/longlong.c              0x00000000   Number         0  llsshr.o ABSOLUTE
    ../clib/microlib/printf/printf.c         0x00000000   Number         0  printf6.o ABSOLUTE
    ../clib/microlib/printf/printf.c         0x00000000   Number         0  printfa.o ABSOLUTE
    ../clib/microlib/printf/printf.c         0x00000000   Number         0  printf4.o ABSOLUTE
    ../clib/microlib/printf/printf.c         0x00000000   Number         0  printf3.o ABSOLUTE
    ../clib/microlib/printf/printf.c         0x00000000   Number         0  printf2.o ABSOLUTE
    ../clib/microlib/printf/printf.c         0x00000000   Number         0  printf8.o ABSOLUTE
    ../clib/microlib/printf/printf.c         0x00000000   Number         0  printf1.o ABSOLUTE
    ../clib/microlib/printf/printf.c         0x00000000   Number         0  printf0.o ABSOLUTE
    ../clib/microlib/printf/printf.c         0x00000000   Number         0  printfb.o ABSOLUTE
    ../clib/microlib/printf/printf.c         0x00000000   Number         0  printf7.o ABSOLUTE
    ../clib/microlib/printf/printf.c         0x00000000   Number         0  printf5.o ABSOLUTE
    ../clib/microlib/printf/stubs.s          0x00000000   Number         0  stubs.o ABSOLUTE
    ../clib/microlib/stdio/streams.c         0x00000000   Number         0  stdout.o ABSOLUTE
    ../clib/microlib/string/memcmp.c         0x00000000   Number         0  memcmp.o ABSOLUTE
    ../clib/microlib/string/memcpy.c         0x00000000   Number         0  memcpyb.o ABSOLUTE
    ../clib/microlib/string/memcpy.c         0x00000000   Number         0  memcpya.o ABSOLUTE
    ../clib/microlib/string/memset.c         0x00000000   Number         0  memseta.o ABSOLUTE
    ../clib/microlib/string/strcpy.c         0x00000000   Number         0  strcpy.o ABSOLUTE
    ../clib/microlib/string/strlen.c         0x00000000   Number         0  strlen.o ABSOLUTE
    ../clib/microlib/string/strncpy.c        0x00000000   Number         0  strncpy.o ABSOLUTE
    ../clib/microlib/string/strstr.c         0x00000000   Number         0  strstr.o ABSOLUTE
    ../clib/microlib/string/strtok.c         0x00000000   Number         0  strtok_r.o ABSOLUTE
    ../clib/microlib/string/strtok.c         0x00000000   Number         0  strtok.o ABSOLUTE
    ../clib/microlib/stubs.s                 0x00000000   Number         0  iusefp.o ABSOLUTE
    ../fplib/microlib/d2f.c                  0x00000000   Number         0  d2f.o ABSOLUTE
    ../fplib/microlib/f2d.c                  0x00000000   Number         0  f2d.o ABSOLUTE
    ../fplib/microlib/fpadd.c                0x00000000   Number         0  dadd.o ABSOLUTE
    ../fplib/microlib/fpdiv.c                0x00000000   Number         0  ddiv.o ABSOLUTE
    ../fplib/microlib/fpepilogue.c           0x00000000   Number         0  depilogue.o ABSOLUTE
    ../fplib/microlib/fpepilogue.c           0x00000000   Number         0  fepilogue.o ABSOLUTE
    ../fplib/microlib/fpfix.c                0x00000000   Number         0  dfixul.o ABSOLUTE
    ../fplib/microlib/fpmul.c                0x00000000   Number         0  dmul.o ABSOLUTE
    ..\..\BSP\Base\SPIx.c                    0x00000000   Number         0  spix.o ABSOLUTE
    ..\..\BSP\Base\i2c.c                     0x00000000   Number         0  i2c.o ABSOLUTE
    ..\..\BSP\Base\led.c                     0x00000000   Number         0  led.o ABSOLUTE
    ..\..\BSP\Base\systick.c                 0x00000000   Number         0  systick.o ABSOLUTE
    ..\..\BSP\Base\timer.c                   0x00000000   Number         0  timer.o ABSOLUTE
    ..\..\BSP\Base\usart.c                   0x00000000   Number         0  usart.o ABSOLUTE
    ..\..\BSP\Internet\dhcp.c                0x00000000   Number         0  dhcp.o ABSOLUTE
    ..\..\BSP\Internet\radarsensor.c         0x00000000   Number         0  radarsensor.o ABSOLUTE
    ..\..\BSP\Internet\tinyosc.c             0x00000000   Number         0  tinyosc.o ABSOLUTE
    ..\..\BSP\Internet\udp_demo.c            0x00000000   Number         0  udp_demo.o ABSOLUTE
    ..\..\BSP\W5500\socket.c                 0x00000000   Number         0  socket.o ABSOLUTE
    ..\..\BSP\W5500\utility.c                0x00000000   Number         0  utility.o ABSOLUTE
    ..\..\BSP\W5500\w5500.c                  0x00000000   Number         0  w5500.o ABSOLUTE
    ..\..\BSP\W5500\w5500_conf.c             0x00000000   Number         0  w5500_conf.o ABSOLUTE
    ..\..\Libraries\CMSIS\CM3\DeviceSupport\ST\STM32F10x\startup\arm\startup_stm32f10x_md.s 0x00000000   Number         0  startup_stm32f10x_md.o ABSOLUTE
    ..\..\Libraries\CMSIS\CM3\DeviceSupport\ST\STM32F10x\system_stm32f10x.c 0x00000000   Number         0  system_stm32f10x.o ABSOLUTE
    ..\..\Libraries\STM32F10x_StdPeriph_Driver\src\misc.c 0x00000000   Number         0  misc.o ABSOLUTE
    ..\..\Libraries\STM32F10x_StdPeriph_Driver\src\stm32f10x_adc.c 0x00000000   Number         0  stm32f10x_adc.o ABSOLUTE
    ..\..\Libraries\STM32F10x_StdPeriph_Driver\src\stm32f10x_bkp.c 0x00000000   Number         0  stm32f10x_bkp.o ABSOLUTE
    ..\..\Libraries\STM32F10x_StdPeriph_Driver\src\stm32f10x_can.c 0x00000000   Number         0  stm32f10x_can.o ABSOLUTE
    ..\..\Libraries\STM32F10x_StdPeriph_Driver\src\stm32f10x_cec.c 0x00000000   Number         0  stm32f10x_cec.o ABSOLUTE
    ..\..\Libraries\STM32F10x_StdPeriph_Driver\src\stm32f10x_crc.c 0x00000000   Number         0  stm32f10x_crc.o ABSOLUTE
    ..\..\Libraries\STM32F10x_StdPeriph_Driver\src\stm32f10x_dac.c 0x00000000   Number         0  stm32f10x_dac.o ABSOLUTE
    ..\..\Libraries\STM32F10x_StdPeriph_Driver\src\stm32f10x_dbgmcu.c 0x00000000   Number         0  stm32f10x_dbgmcu.o ABSOLUTE
    ..\..\Libraries\STM32F10x_StdPeriph_Driver\src\stm32f10x_dma.c 0x00000000   Number         0  stm32f10x_dma.o ABSOLUTE
    ..\..\Libraries\STM32F10x_StdPeriph_Driver\src\stm32f10x_exti.c 0x00000000   Number         0  stm32f10x_exti.o ABSOLUTE
    ..\..\Libraries\STM32F10x_StdPeriph_Driver\src\stm32f10x_flash.c 0x00000000   Number         0  stm32f10x_flash.o ABSOLUTE
    ..\..\Libraries\STM32F10x_StdPeriph_Driver\src\stm32f10x_fsmc.c 0x00000000   Number         0  stm32f10x_fsmc.o ABSOLUTE
    ..\..\Libraries\STM32F10x_StdPeriph_Driver\src\stm32f10x_gpio.c 0x00000000   Number         0  stm32f10x_gpio.o ABSOLUTE
    ..\..\Libraries\STM32F10x_StdPeriph_Driver\src\stm32f10x_i2c.c 0x00000000   Number         0  stm32f10x_i2c.o ABSOLUTE
    ..\..\Libraries\STM32F10x_StdPeriph_Driver\src\stm32f10x_iwdg.c 0x00000000   Number         0  stm32f10x_iwdg.o ABSOLUTE
    ..\..\Libraries\STM32F10x_StdPeriph_Driver\src\stm32f10x_pwr.c 0x00000000   Number         0  stm32f10x_pwr.o ABSOLUTE
    ..\..\Libraries\STM32F10x_StdPeriph_Driver\src\stm32f10x_rcc.c 0x00000000   Number         0  stm32f10x_rcc.o ABSOLUTE
    ..\..\Libraries\STM32F10x_StdPeriph_Driver\src\stm32f10x_rtc.c 0x00000000   Number         0  stm32f10x_rtc.o ABSOLUTE
    ..\..\Libraries\STM32F10x_StdPeriph_Driver\src\stm32f10x_sdio.c 0x00000000   Number         0  stm32f10x_sdio.o ABSOLUTE
    ..\..\Libraries\STM32F10x_StdPeriph_Driver\src\stm32f10x_spi.c 0x00000000   Number         0  stm32f10x_spi.o ABSOLUTE
    ..\..\Libraries\STM32F10x_StdPeriph_Driver\src\stm32f10x_tim.c 0x00000000   Number         0  stm32f10x_tim.o ABSOLUTE
    ..\..\Libraries\STM32F10x_StdPeriph_Driver\src\stm32f10x_usart.c 0x00000000   Number         0  stm32f10x_usart.o ABSOLUTE
    ..\..\Libraries\STM32F10x_StdPeriph_Driver\src\stm32f10x_wwdg.c 0x00000000   Number         0  stm32f10x_wwdg.o ABSOLUTE
    ..\main.c                                0x00000000   Number         0  main.o ABSOLUTE
    ..\stm32f10x_it.c                        0x00000000   Number         0  stm32f10x_it.o ABSOLUTE
    cdrcmple.s                               0x00000000   Number         0  cdrcmple.o ABSOLUTE
    dc.s                                     0x00000000   Number         0  dc.o ABSOLUTE
    handlers.s                               0x00000000   Number         0  handlers.o ABSOLUTE
    init.s                                   0x00000000   Number         0  init.o ABSOLUTE
    RESET                                    0x08000000   Section      236  startup_stm32f10x_md.o(RESET)
    .ARM.Collect$$$$00000000                 0x080000ec   Section        0  entry.o(.ARM.Collect$$$$00000000)
    .ARM.Collect$$$$00000001                 0x080000ec   Section        4  entry2.o(.ARM.Collect$$$$00000001)
    .ARM.Collect$$$$00000004                 0x080000f0   Section        4  entry5.o(.ARM.Collect$$$$00000004)
    .ARM.Collect$$$$00000008                 0x080000f4   Section        0  entry7b.o(.ARM.Collect$$$$00000008)
    .ARM.Collect$$$$0000000A                 0x080000f4   Section        0  entry8b.o(.ARM.Collect$$$$0000000A)
    .ARM.Collect$$$$0000000B                 0x080000f4   Section        8  entry9a.o(.ARM.Collect$$$$0000000B)
    .ARM.Collect$$$$0000000D                 0x080000fc   Section        0  entry10a.o(.ARM.Collect$$$$0000000D)
    .ARM.Collect$$$$0000000F                 0x080000fc   Section        0  entry11a.o(.ARM.Collect$$$$0000000F)
    .ARM.Collect$$$$00002712                 0x080000fc   Section        4  entry2.o(.ARM.Collect$$$$00002712)
    __lit__00000000                          0x080000fc   Data           4  entry2.o(.ARM.Collect$$$$00002712)
    .text                                    0x08000100   Section       36  startup_stm32f10x_md.o(.text)
    .text                                    0x08000124   Section        0  main.o(.text)
    .text                                    0x0800032c   Section        0  stm32f10x_it.o(.text)
    .text                                    0x080003d4   Section        0  misc.o(.text)
    .text                                    0x080004b0   Section        0  stm32f10x_dma.o(.text)
    .text                                    0x08000700   Section        0  stm32f10x_gpio.o(.text)
    .text                                    0x08000a58   Section        0  stm32f10x_rcc.o(.text)
    .text                                    0x08000dfc   Section        0  stm32f10x_spi.o(.text)
    .text                                    0x08001108   Section        0  stm32f10x_tim.o(.text)
    TI4_Config                               0x080015af   Thumb Code   130  stm32f10x_tim.o(.text)
    TI3_Config                               0x08001643   Thumb Code   122  stm32f10x_tim.o(.text)
    TI2_Config                               0x080016d7   Thumb Code   130  stm32f10x_tim.o(.text)
    TI1_Config                               0x0800176b   Thumb Code   108  stm32f10x_tim.o(.text)
    .text                                    0x08001f24   Section        0  stm32f10x_usart.o(.text)
    .text                                    0x0800232c   Section        0  system_stm32f10x.o(.text)
    SetSysClockTo72                          0x0800232d   Thumb Code   212  system_stm32f10x.o(.text)
    SetSysClock                              0x08002401   Thumb Code     8  system_stm32f10x.o(.text)
    .text                                    0x08002508   Section        0  i2c.o(.text)
    I2C_delay                                0x08002549   Thumb Code    14  i2c.o(.text)
    I2C_Start                                0x08002557   Thumb Code    78  i2c.o(.text)
    I2C_Stop                                 0x080025a5   Thumb Code    52  i2c.o(.text)
    I2C_Ack                                  0x080025d9   Thumb Code    52  i2c.o(.text)
    I2C_NoAck                                0x0800260d   Thumb Code    52  i2c.o(.text)
    I2C_WaitAck                              0x08002641   Thumb Code    72  i2c.o(.text)
    I2C_SendByte                             0x08002689   Thumb Code    84  i2c.o(.text)
    I2C_ReceiveByte                          0x080026dd   Thumb Code    80  i2c.o(.text)
    .text                                    0x08002990   Section        0  led.o(.text)
    .text                                    0x08002a44   Section        0  systick.o(.text)
    .text                                    0x08002ad8   Section        0  usart.o(.text)
    .text                                    0x08002c28   Section        0  spix.o(.text)
    .text                                    0x08002cb4   Section        0  timer.o(.text)
    .text                                    0x08002d4c   Section        0  socket.o(.text)
    .text                                    0x080033d8   Section        0  utility.o(.text)
    .text                                    0x08003764   Section        0  w5500.o(.text)
    .text                                    0x08003b38   Section        0  w5500_conf.o(.text)
    .text                                    0x08004074   Section        0  udp_demo.o(.text)
    .text                                    0x08004178   Section        0  tinyosc.o(.text)
    tosc_vwrite                              0x0800445b   Thumb Code   652  tinyosc.o(.text)
    .text                                    0x080049bc   Section        0  radarsensor.o(.text)
    .text                                    0x08004a0c   Section        0  memcpya.o(.text)
    .text                                    0x08004a30   Section        0  memseta.o(.text)
    .text                                    0x08004a54   Section        0  strstr.o(.text)
    .text                                    0x08004a78   Section        0  strncpy.o(.text)
    .text                                    0x08004a90   Section        0  strlen.o(.text)
    .text                                    0x08004a9e   Section        0  memcmp.o(.text)
    .text                                    0x08004ab8   Section        0  strcpy.o(.text)
    .text                                    0x08004acc   Section        0  strtok.o(.text)
    .text                                    0x08004b10   Section        0  f2d.o(.text)
    .text                                    0x08004b36   Section        0  d2f.o(.text)
    .text                                    0x08004b6e   Section        0  uidiv.o(.text)
    .text                                    0x08004b9a   Section        0  uldiv.o(.text)
    .text                                    0x08004bfc   Section        0  iusefp.o(.text)
    .text                                    0x08004bfc   Section        0  fepilogue.o(.text)
    .text                                    0x08004c68   Section        0  dadd.o(.text)
    .text                                    0x08004db6   Section        0  dmul.o(.text)
    .text                                    0x08004e9a   Section        0  ddiv.o(.text)
    .text                                    0x08004f78   Section        0  dfixul.o(.text)
    .text                                    0x08004fa8   Section       40  cdrcmple.o(.text)
    .text                                    0x08004fd0   Section       36  init.o(.text)
    .text                                    0x08004ff4   Section        0  llshl.o(.text)
    .text                                    0x08005012   Section        0  llushr.o(.text)
    .text                                    0x08005032   Section        0  llsshr.o(.text)
    .text                                    0x08005056   Section        0  depilogue.o(.text)
    .text                                    0x08005114   Section        0  __dczerorl2.o(.text)
    i.__0printf                              0x08005170   Section        0  printfa.o(i.__0printf)
    i.__0sprintf                             0x08005190   Section        0  printfa.o(i.__0sprintf)
    i.__scatterload_copy                     0x080051b8   Section       14  handlers.o(i.__scatterload_copy)
    i.__scatterload_null                     0x080051c6   Section        2  handlers.o(i.__scatterload_null)
    i.__scatterload_zeroinit                 0x080051c8   Section       14  handlers.o(i.__scatterload_zeroinit)
    i._fp_digits                             0x080051d8   Section        0  printfa.o(i._fp_digits)
    _fp_digits                               0x080051d9   Thumb Code   326  printfa.o(i._fp_digits)
    i._printf_core                           0x08005334   Section        0  printfa.o(i._printf_core)
    _printf_core                             0x08005335   Thumb Code  1762  printfa.o(i._printf_core)
    i._printf_post_padding                   0x08005a24   Section        0  printfa.o(i._printf_post_padding)
    _printf_post_padding                     0x08005a25   Thumb Code    38  printfa.o(i._printf_post_padding)
    i._printf_pre_padding                    0x08005a4a   Section        0  printfa.o(i._printf_pre_padding)
    _printf_pre_padding                      0x08005a4b   Thumb Code    48  printfa.o(i._printf_pre_padding)
    i._sputc                                 0x08005a7a   Section        0  printfa.o(i._sputc)
    _sputc                                   0x08005a7b   Thumb Code    10  printfa.o(i._sputc)
    .data                                    0x20000000   Section        2  stm32f10x_it.o(.data)
    .data                                    0x20000002   Section       20  stm32f10x_rcc.o(.data)
    APBAHBPrescTable                         0x20000002   Data          16  stm32f10x_rcc.o(.data)
    ADCPrescTable                            0x20000012   Data           4  stm32f10x_rcc.o(.data)
    .data                                    0x20000018   Section       20  system_stm32f10x.o(.data)
    .data                                    0x2000002c   Section      202  usart.o(.data)
    .data                                    0x200000f6   Section       16  w5500.o(.data)
    .data                                    0x20000108   Section       50  w5500_conf.o(.data)
    .data                                    0x2000013a   Section      256  radarsensor.o(.data)
    cbit                                     0x2000013a   Data         256  radarsensor.o(.data)
    .data                                    0x2000023c   Section        4  strtok.o(.data)
    state                                    0x2000023c   Data           4  strtok.o(.data)
    .data                                    0x20000240   Section        4  stdout.o(.data)
    .bss                                     0x20000244   Section       44  usart.o(.bss)
    .bss                                     0x20000270   Section       48  utility.o(.bss)
    addr_str                                 0x20000270   Data          32  utility.o(.bss)
    addr_str                                 0x20000290   Data          16  utility.o(.bss)
    .bss                                     0x200002a0   Section       32  w5500.o(.bss)
    .bss                                     0x200002c0   Section     4142  w5500_conf.o(.bss)
    .bss                                     0x200012ee   Section     1046  dhcp.o(.bss)
    STACK                                    0x20001708   Section     1024  startup_stm32f10x_md.o(STACK)

    Global Symbols

    Symbol Name                              Value     Ov Type        Size  Object(Section)

    BuildAttributes$$THM_ISAv4$P$D$K$B$S$PE$A:L22UL41UL21$X:L11$S22US41US21$IEEE1$IW$USESV6$~STKCKD$USESV7$~SHL$OTIME$ROPI$EBA8$MICROLIB$REQ8$PRES8$EABIv2 0x00000000   Number         0  anon$$obj.o ABSOLUTE
    __ARM_use_no_argv                        0x00000000   Number         0  main.o ABSOLUTE
    _printf_a                                0x00000000   Number         0  stubs.o ABSOLUTE
    _printf_c                                0x00000000   Number         0  stubs.o ABSOLUTE
    _printf_charcount                        0x00000000   Number         0  stubs.o ABSOLUTE
    _printf_d                                0x00000000   Number         0  stubs.o ABSOLUTE
    _printf_e                                0x00000000   Number         0  stubs.o ABSOLUTE
    _printf_f                                0x00000000   Number         0  stubs.o ABSOLUTE
    _printf_flags                            0x00000000   Number         0  stubs.o ABSOLUTE
    _printf_fp_dec                           0x00000000   Number         0  stubs.o ABSOLUTE
    _printf_fp_hex                           0x00000000   Number         0  stubs.o ABSOLUTE
    _printf_g                                0x00000000   Number         0  stubs.o ABSOLUTE
    _printf_i                                0x00000000   Number         0  stubs.o ABSOLUTE
    _printf_int_dec                          0x00000000   Number         0  stubs.o ABSOLUTE
    _printf_l                                0x00000000   Number         0  stubs.o ABSOLUTE
    _printf_lc                               0x00000000   Number         0  stubs.o ABSOLUTE
    _printf_ll                               0x00000000   Number         0  stubs.o ABSOLUTE
    _printf_lld                              0x00000000   Number         0  stubs.o ABSOLUTE
    _printf_lli                              0x00000000   Number         0  stubs.o ABSOLUTE
    _printf_llo                              0x00000000   Number         0  stubs.o ABSOLUTE
    _printf_llu                              0x00000000   Number         0  stubs.o ABSOLUTE
    _printf_llx                              0x00000000   Number         0  stubs.o ABSOLUTE
    _printf_longlong_dec                     0x00000000   Number         0  stubs.o ABSOLUTE
    _printf_longlong_hex                     0x00000000   Number         0  stubs.o ABSOLUTE
    _printf_longlong_oct                     0x00000000   Number         0  stubs.o ABSOLUTE
    _printf_ls                               0x00000000   Number         0  stubs.o ABSOLUTE
    _printf_mbtowc                           0x00000000   Number         0  stubs.o ABSOLUTE
    _printf_n                                0x00000000   Number         0  stubs.o ABSOLUTE
    _printf_o                                0x00000000   Number         0  stubs.o ABSOLUTE
    _printf_p                                0x00000000   Number         0  stubs.o ABSOLUTE
    _printf_percent                          0x00000000   Number         0  stubs.o ABSOLUTE
    _printf_pre_padding                      0x00000000   Number         0  stubs.o ABSOLUTE
    _printf_return_value                     0x00000000   Number         0  stubs.o ABSOLUTE
    _printf_s                                0x00000000   Number         0  stubs.o ABSOLUTE
    _printf_sizespec                         0x00000000   Number         0  stubs.o ABSOLUTE
    _printf_str                              0x00000000   Number         0  stubs.o ABSOLUTE
    _printf_truncate_signed                  0x00000000   Number         0  stubs.o ABSOLUTE
    _printf_truncate_unsigned                0x00000000   Number         0  stubs.o ABSOLUTE
    _printf_u                                0x00000000   Number         0  stubs.o ABSOLUTE
    _printf_wc                               0x00000000   Number         0  stubs.o ABSOLUTE
    _printf_wctomb                           0x00000000   Number         0  stubs.o ABSOLUTE
    _printf_widthprec                        0x00000000   Number         0  stubs.o ABSOLUTE
    _printf_x                                0x00000000   Number         0  stubs.o ABSOLUTE
    __cpp_initialize__aeabi_                  - Undefined Weak Reference
    __cxa_finalize                            - Undefined Weak Reference
    _clock_init                               - Undefined Weak Reference
    _microlib_exit                            - Undefined Weak Reference
    __Vectors_Size                           0x000000ec   Number         0  startup_stm32f10x_md.o ABSOLUTE
    __Vectors                                0x08000000   Data           4  startup_stm32f10x_md.o(RESET)
    __Vectors_End                            0x080000ec   Data           0  startup_stm32f10x_md.o(RESET)
    __main                                   0x080000ed   Thumb Code     0  entry.o(.ARM.Collect$$$$00000000)
    _main_stk                                0x080000ed   Thumb Code     0  entry2.o(.ARM.Collect$$$$00000001)
    _main_scatterload                        0x080000f1   Thumb Code     0  entry5.o(.ARM.Collect$$$$00000004)
    __main_after_scatterload                 0x080000f5   Thumb Code     0  entry5.o(.ARM.Collect$$$$00000004)
    _main_clock                              0x080000f5   Thumb Code     0  entry7b.o(.ARM.Collect$$$$00000008)
    _main_cpp_init                           0x080000f5   Thumb Code     0  entry8b.o(.ARM.Collect$$$$0000000A)
    _main_init                               0x080000f5   Thumb Code     0  entry9a.o(.ARM.Collect$$$$0000000B)
    __rt_final_cpp                           0x080000fd   Thumb Code     0  entry10a.o(.ARM.Collect$$$$0000000D)
    __rt_final_exit                          0x080000fd   Thumb Code     0  entry11a.o(.ARM.Collect$$$$0000000F)
    Reset_Handler                            0x08000101   Thumb Code     8  startup_stm32f10x_md.o(.text)
    ADC1_2_IRQHandler                        0x0800011b   Thumb Code     0  startup_stm32f10x_md.o(.text)
    CAN1_RX1_IRQHandler                      0x0800011b   Thumb Code     0  startup_stm32f10x_md.o(.text)
    CAN1_SCE_IRQHandler                      0x0800011b   Thumb Code     0  startup_stm32f10x_md.o(.text)
    DMA1_Channel1_IRQHandler                 0x0800011b   Thumb Code     0  startup_stm32f10x_md.o(.text)
    DMA1_Channel2_IRQHandler                 0x0800011b   Thumb Code     0  startup_stm32f10x_md.o(.text)
    DMA1_Channel3_IRQHandler                 0x0800011b   Thumb Code     0  startup_stm32f10x_md.o(.text)
    DMA1_Channel4_IRQHandler                 0x0800011b   Thumb Code     0  startup_stm32f10x_md.o(.text)
    DMA1_Channel6_IRQHandler                 0x0800011b   Thumb Code     0  startup_stm32f10x_md.o(.text)
    DMA1_Channel7_IRQHandler                 0x0800011b   Thumb Code     0  startup_stm32f10x_md.o(.text)
    EXTI0_IRQHandler                         0x0800011b   Thumb Code     0  startup_stm32f10x_md.o(.text)
    EXTI15_10_IRQHandler                     0x0800011b   Thumb Code     0  startup_stm32f10x_md.o(.text)
    EXTI1_IRQHandler                         0x0800011b   Thumb Code     0  startup_stm32f10x_md.o(.text)
    EXTI2_IRQHandler                         0x0800011b   Thumb Code     0  startup_stm32f10x_md.o(.text)
    EXTI3_IRQHandler                         0x0800011b   Thumb Code     0  startup_stm32f10x_md.o(.text)
    EXTI4_IRQHandler                         0x0800011b   Thumb Code     0  startup_stm32f10x_md.o(.text)
    EXTI9_5_IRQHandler                       0x0800011b   Thumb Code     0  startup_stm32f10x_md.o(.text)
    FLASH_IRQHandler                         0x0800011b   Thumb Code     0  startup_stm32f10x_md.o(.text)
    I2C1_ER_IRQHandler                       0x0800011b   Thumb Code     0  startup_stm32f10x_md.o(.text)
    I2C1_EV_IRQHandler                       0x0800011b   Thumb Code     0  startup_stm32f10x_md.o(.text)
    I2C2_ER_IRQHandler                       0x0800011b   Thumb Code     0  startup_stm32f10x_md.o(.text)
    I2C2_EV_IRQHandler                       0x0800011b   Thumb Code     0  startup_stm32f10x_md.o(.text)
    PVD_IRQHandler                           0x0800011b   Thumb Code     0  startup_stm32f10x_md.o(.text)
    RCC_IRQHandler                           0x0800011b   Thumb Code     0  startup_stm32f10x_md.o(.text)
    RTCAlarm_IRQHandler                      0x0800011b   Thumb Code     0  startup_stm32f10x_md.o(.text)
    RTC_IRQHandler                           0x0800011b   Thumb Code     0  startup_stm32f10x_md.o(.text)
    SPI1_IRQHandler                          0x0800011b   Thumb Code     0  startup_stm32f10x_md.o(.text)
    SPI2_IRQHandler                          0x0800011b   Thumb Code     0  startup_stm32f10x_md.o(.text)
    TAMPER_IRQHandler                        0x0800011b   Thumb Code     0  startup_stm32f10x_md.o(.text)
    TIM1_BRK_IRQHandler                      0x0800011b   Thumb Code     0  startup_stm32f10x_md.o(.text)
    TIM1_CC_IRQHandler                       0x0800011b   Thumb Code     0  startup_stm32f10x_md.o(.text)
    TIM1_TRG_COM_IRQHandler                  0x0800011b   Thumb Code     0  startup_stm32f10x_md.o(.text)
    TIM1_UP_IRQHandler                       0x0800011b   Thumb Code     0  startup_stm32f10x_md.o(.text)
    TIM3_IRQHandler                          0x0800011b   Thumb Code     0  startup_stm32f10x_md.o(.text)
    TIM4_IRQHandler                          0x0800011b   Thumb Code     0  startup_stm32f10x_md.o(.text)
    USART1_IRQHandler                        0x0800011b   Thumb Code     0  startup_stm32f10x_md.o(.text)
    USART2_IRQHandler                        0x0800011b   Thumb Code     0  startup_stm32f10x_md.o(.text)
    USART3_IRQHandler                        0x0800011b   Thumb Code     0  startup_stm32f10x_md.o(.text)
    USBWakeUp_IRQHandler                     0x0800011b   Thumb Code     0  startup_stm32f10x_md.o(.text)
    USB_HP_CAN1_TX_IRQHandler                0x0800011b   Thumb Code     0  startup_stm32f10x_md.o(.text)
    USB_LP_CAN1_RX0_IRQHandler               0x0800011b   Thumb Code     0  startup_stm32f10x_md.o(.text)
    WWDG_IRQHandler                          0x0800011b   Thumb Code     0  startup_stm32f10x_md.o(.text)
    NVIC_Config                              0x08000125   Thumb Code    40  main.o(.text)
    main                                     0x0800014d   Thumb Code   276  main.o(.text)
    NMI_Handler                              0x0800032d   Thumb Code     2  stm32f10x_it.o(.text)
    HardFault_Handler                        0x0800032f   Thumb Code     4  stm32f10x_it.o(.text)
    MemManage_Handler                        0x08000333   Thumb Code     4  stm32f10x_it.o(.text)
    BusFault_Handler                         0x08000337   Thumb Code     4  stm32f10x_it.o(.text)
    UsageFault_Handler                       0x0800033b   Thumb Code     4  stm32f10x_it.o(.text)
    SVC_Handler                              0x0800033f   Thumb Code     2  stm32f10x_it.o(.text)
    DebugMon_Handler                         0x08000341   Thumb Code     2  stm32f10x_it.o(.text)
    PendSV_Handler                           0x08000343   Thumb Code     2  stm32f10x_it.o(.text)
    SysTick_Handler                          0x08000345   Thumb Code    18  stm32f10x_it.o(.text)
    TIM2_IRQHandler                          0x08000357   Thumb Code    26  stm32f10x_it.o(.text)
    DMA1_Channel5_IRQHandler                 0x08000371   Thumb Code    72  stm32f10x_it.o(.text)
    NVIC_PriorityGroupConfig                 0x080003d5   Thumb Code    10  misc.o(.text)
    NVIC_Init                                0x080003df   Thumb Code   102  misc.o(.text)
    NVIC_SetVectorTable                      0x08000445   Thumb Code    14  misc.o(.text)
    NVIC_SystemLPConfig                      0x08000453   Thumb Code    34  misc.o(.text)
    SysTick_CLKSourceConfig                  0x08000475   Thumb Code    40  misc.o(.text)
    DMA_DeInit                               0x080004b1   Thumb Code   324  stm32f10x_dma.o(.text)
    DMA_Init                                 0x080005f5   Thumb Code    60  stm32f10x_dma.o(.text)
    DMA_StructInit                           0x08000631   Thumb Code    26  stm32f10x_dma.o(.text)
    DMA_Cmd                                  0x0800064b   Thumb Code    24  stm32f10x_dma.o(.text)
    DMA_ITConfig                             0x08000663   Thumb Code    18  stm32f10x_dma.o(.text)
    DMA_SetCurrDataCounter                   0x08000675   Thumb Code     4  stm32f10x_dma.o(.text)
    DMA_GetCurrDataCounter                   0x08000679   Thumb Code     8  stm32f10x_dma.o(.text)
    DMA_GetFlagStatus                        0x08000681   Thumb Code    38  stm32f10x_dma.o(.text)
    DMA_ClearFlag                            0x080006a7   Thumb Code    22  stm32f10x_dma.o(.text)
    DMA_GetITStatus                          0x080006bd   Thumb Code    38  stm32f10x_dma.o(.text)
    DMA_ClearITPendingBit                    0x080006e3   Thumb Code    22  stm32f10x_dma.o(.text)
    GPIO_DeInit                              0x08000701   Thumb Code   172  stm32f10x_gpio.o(.text)
    GPIO_AFIODeInit                          0x080007ad   Thumb Code    20  stm32f10x_gpio.o(.text)
    GPIO_Init                                0x080007c1   Thumb Code   274  stm32f10x_gpio.o(.text)
    GPIO_StructInit                          0x080008d3   Thumb Code    16  stm32f10x_gpio.o(.text)
    GPIO_ReadInputDataBit                    0x080008e3   Thumb Code    18  stm32f10x_gpio.o(.text)
    GPIO_ReadInputData                       0x080008f5   Thumb Code     8  stm32f10x_gpio.o(.text)
    GPIO_ReadOutputDataBit                   0x080008fd   Thumb Code    18  stm32f10x_gpio.o(.text)
    GPIO_ReadOutputData                      0x0800090f   Thumb Code     8  stm32f10x_gpio.o(.text)
    GPIO_SetBits                             0x08000917   Thumb Code     4  stm32f10x_gpio.o(.text)
    GPIO_ResetBits                           0x0800091b   Thumb Code     4  stm32f10x_gpio.o(.text)
    GPIO_WriteBit                            0x0800091f   Thumb Code    10  stm32f10x_gpio.o(.text)
    GPIO_Write                               0x08000929   Thumb Code     4  stm32f10x_gpio.o(.text)
    GPIO_PinLockConfig                       0x0800092d   Thumb Code    18  stm32f10x_gpio.o(.text)
    GPIO_EventOutputConfig                   0x0800093f   Thumb Code    26  stm32f10x_gpio.o(.text)
    GPIO_EventOutputCmd                      0x08000959   Thumb Code     6  stm32f10x_gpio.o(.text)
    GPIO_PinRemapConfig                      0x0800095f   Thumb Code   138  stm32f10x_gpio.o(.text)
    GPIO_EXTILineConfig                      0x080009e9   Thumb Code    66  stm32f10x_gpio.o(.text)
    GPIO_ETH_MediaInterfaceConfig            0x08000a2b   Thumb Code     6  stm32f10x_gpio.o(.text)
    RCC_DeInit                               0x08000a59   Thumb Code    64  stm32f10x_rcc.o(.text)
    RCC_HSEConfig                            0x08000a99   Thumb Code    70  stm32f10x_rcc.o(.text)
    RCC_GetFlagStatus                        0x08000adf   Thumb Code    56  stm32f10x_rcc.o(.text)
    RCC_WaitForHSEStartUp                    0x08000b17   Thumb Code    56  stm32f10x_rcc.o(.text)
    RCC_AdjustHSICalibrationValue            0x08000b4f   Thumb Code    20  stm32f10x_rcc.o(.text)
    RCC_HSICmd                               0x08000b63   Thumb Code     6  stm32f10x_rcc.o(.text)
    RCC_PLLConfig                            0x08000b69   Thumb Code    24  stm32f10x_rcc.o(.text)
    RCC_PLLCmd                               0x08000b81   Thumb Code     6  stm32f10x_rcc.o(.text)
    RCC_SYSCLKConfig                         0x08000b87   Thumb Code    18  stm32f10x_rcc.o(.text)
    RCC_GetSYSCLKSource                      0x08000b99   Thumb Code    10  stm32f10x_rcc.o(.text)
    RCC_HCLKConfig                           0x08000ba3   Thumb Code    18  stm32f10x_rcc.o(.text)
    RCC_PCLK1Config                          0x08000bb5   Thumb Code    18  stm32f10x_rcc.o(.text)
    RCC_PCLK2Config                          0x08000bc7   Thumb Code    20  stm32f10x_rcc.o(.text)
    RCC_ITConfig                             0x08000bdb   Thumb Code    26  stm32f10x_rcc.o(.text)
    RCC_USBCLKConfig                         0x08000bf5   Thumb Code     6  stm32f10x_rcc.o(.text)
    RCC_ADCCLKConfig                         0x08000bfb   Thumb Code    18  stm32f10x_rcc.o(.text)
    RCC_LSEConfig                            0x08000c0d   Thumb Code    44  stm32f10x_rcc.o(.text)
    RCC_LSICmd                               0x08000c39   Thumb Code     6  stm32f10x_rcc.o(.text)
    RCC_RTCCLKConfig                         0x08000c3f   Thumb Code    12  stm32f10x_rcc.o(.text)
    RCC_RTCCLKCmd                            0x08000c4b   Thumb Code     8  stm32f10x_rcc.o(.text)
    RCC_GetClocksFreq                        0x08000c53   Thumb Code   192  stm32f10x_rcc.o(.text)
    RCC_AHBPeriphClockCmd                    0x08000d13   Thumb Code    26  stm32f10x_rcc.o(.text)
    RCC_APB2PeriphClockCmd                   0x08000d2d   Thumb Code    26  stm32f10x_rcc.o(.text)
    RCC_APB1PeriphClockCmd                   0x08000d47   Thumb Code    26  stm32f10x_rcc.o(.text)
    RCC_APB2PeriphResetCmd                   0x08000d61   Thumb Code    26  stm32f10x_rcc.o(.text)
    RCC_APB1PeriphResetCmd                   0x08000d7b   Thumb Code    26  stm32f10x_rcc.o(.text)
    RCC_BackupResetCmd                       0x08000d95   Thumb Code     8  stm32f10x_rcc.o(.text)
    RCC_ClockSecuritySystemCmd               0x08000d9d   Thumb Code     6  stm32f10x_rcc.o(.text)
    RCC_MCOConfig                            0x08000da3   Thumb Code     6  stm32f10x_rcc.o(.text)
    RCC_ClearFlag                            0x08000da9   Thumb Code    14  stm32f10x_rcc.o(.text)
    RCC_GetITStatus                          0x08000db7   Thumb Code    20  stm32f10x_rcc.o(.text)
    RCC_ClearITPendingBit                    0x08000dcb   Thumb Code     6  stm32f10x_rcc.o(.text)
    SPI_I2S_DeInit                           0x08000dfd   Thumb Code    76  stm32f10x_spi.o(.text)
    SPI_Init                                 0x08000e49   Thumb Code    60  stm32f10x_spi.o(.text)
    I2S_Init                                 0x08000e85   Thumb Code   226  stm32f10x_spi.o(.text)
    SPI_StructInit                           0x08000f67   Thumb Code    24  stm32f10x_spi.o(.text)
    I2S_StructInit                           0x08000f7f   Thumb Code    20  stm32f10x_spi.o(.text)
    SPI_Cmd                                  0x08000f93   Thumb Code    24  stm32f10x_spi.o(.text)
    I2S_Cmd                                  0x08000fab   Thumb Code    24  stm32f10x_spi.o(.text)
    SPI_I2S_ITConfig                         0x08000fc3   Thumb Code    32  stm32f10x_spi.o(.text)
    SPI_I2S_DMACmd                           0x08000fe3   Thumb Code    18  stm32f10x_spi.o(.text)
    SPI_I2S_SendData                         0x08000ff5   Thumb Code     4  stm32f10x_spi.o(.text)
    SPI_I2S_ReceiveData                      0x08000ff9   Thumb Code     6  stm32f10x_spi.o(.text)
    SPI_NSSInternalSoftwareConfig            0x08000fff   Thumb Code    30  stm32f10x_spi.o(.text)
    SPI_SSOutputCmd                          0x0800101d   Thumb Code    24  stm32f10x_spi.o(.text)
    SPI_DataSizeConfig                       0x08001035   Thumb Code    18  stm32f10x_spi.o(.text)
    SPI_TransmitCRC                          0x08001047   Thumb Code    10  stm32f10x_spi.o(.text)
    SPI_CalculateCRC                         0x08001051   Thumb Code    24  stm32f10x_spi.o(.text)
    SPI_GetCRC                               0x08001069   Thumb Code    16  stm32f10x_spi.o(.text)
    SPI_GetCRCPolynomial                     0x08001079   Thumb Code     6  stm32f10x_spi.o(.text)
    SPI_BiDirectionalLineConfig              0x0800107f   Thumb Code    28  stm32f10x_spi.o(.text)
    SPI_I2S_GetFlagStatus                    0x0800109b   Thumb Code    18  stm32f10x_spi.o(.text)
    SPI_I2S_ClearFlag                        0x080010ad   Thumb Code     6  stm32f10x_spi.o(.text)
    SPI_I2S_GetITStatus                      0x080010b3   Thumb Code    52  stm32f10x_spi.o(.text)
    SPI_I2S_ClearITPendingBit                0x080010e7   Thumb Code    20  stm32f10x_spi.o(.text)
    TIM_DeInit                               0x08001109   Thumb Code   424  stm32f10x_tim.o(.text)
    TIM_TimeBaseInit                         0x080012b1   Thumb Code   122  stm32f10x_tim.o(.text)
    TIM_OC1Init                              0x0800132b   Thumb Code   132  stm32f10x_tim.o(.text)
    TIM_OC2Init                              0x080013af   Thumb Code   154  stm32f10x_tim.o(.text)
    TIM_OC3Init                              0x08001449   Thumb Code   150  stm32f10x_tim.o(.text)
    TIM_OC4Init                              0x080014df   Thumb Code   182  stm32f10x_tim.o(.text)
    TIM_SetIC4Prescaler                      0x08001595   Thumb Code    26  stm32f10x_tim.o(.text)
    TIM_SetIC3Prescaler                      0x08001631   Thumb Code    18  stm32f10x_tim.o(.text)
    TIM_SetIC2Prescaler                      0x080016bd   Thumb Code    26  stm32f10x_tim.o(.text)
    TIM_SetIC1Prescaler                      0x08001759   Thumb Code    18  stm32f10x_tim.o(.text)
    TIM_ICInit                               0x080017d7   Thumb Code   150  stm32f10x_tim.o(.text)
    TIM_PWMIConfig                           0x0800186d   Thumb Code   124  stm32f10x_tim.o(.text)
    TIM_BDTRConfig                           0x080018e9   Thumb Code    32  stm32f10x_tim.o(.text)
    TIM_TimeBaseStructInit                   0x08001909   Thumb Code    18  stm32f10x_tim.o(.text)
    TIM_OCStructInit                         0x0800191b   Thumb Code    20  stm32f10x_tim.o(.text)
    TIM_ICStructInit                         0x0800192f   Thumb Code    18  stm32f10x_tim.o(.text)
    TIM_BDTRStructInit                       0x08001941   Thumb Code    40  stm32f10x_tim.o(.text)
    TIM_Cmd                                  0x08001969   Thumb Code    24  stm32f10x_tim.o(.text)
    TIM_CtrlPWMOutputs                       0x08001981   Thumb Code    30  stm32f10x_tim.o(.text)
    TIM_ITConfig                             0x0800199f   Thumb Code    18  stm32f10x_tim.o(.text)
    TIM_GenerateEvent                        0x080019b1   Thumb Code     4  stm32f10x_tim.o(.text)
    TIM_DMAConfig                            0x080019b5   Thumb Code    10  stm32f10x_tim.o(.text)
    TIM_DMACmd                               0x080019bf   Thumb Code    18  stm32f10x_tim.o(.text)
    TIM_InternalClockConfig                  0x080019d1   Thumb Code    12  stm32f10x_tim.o(.text)
    TIM_SelectInputTrigger                   0x080019dd   Thumb Code    18  stm32f10x_tim.o(.text)
    TIM_ITRxExternalClockConfig              0x080019ef   Thumb Code    24  stm32f10x_tim.o(.text)
    TIM_TIxExternalClockConfig               0x08001a07   Thumb Code    62  stm32f10x_tim.o(.text)
    TIM_ETRConfig                            0x08001a45   Thumb Code    28  stm32f10x_tim.o(.text)
    TIM_ETRClockMode1Config                  0x08001a61   Thumb Code    54  stm32f10x_tim.o(.text)
    TIM_ETRClockMode2Config                  0x08001a97   Thumb Code    32  stm32f10x_tim.o(.text)
    TIM_PrescalerConfig                      0x08001ab7   Thumb Code     6  stm32f10x_tim.o(.text)
    TIM_CounterModeConfig                    0x08001abd   Thumb Code    18  stm32f10x_tim.o(.text)
    TIM_EncoderInterfaceConfig               0x08001acf   Thumb Code    66  stm32f10x_tim.o(.text)
    TIM_ForcedOC1Config                      0x08001b11   Thumb Code    18  stm32f10x_tim.o(.text)
    TIM_ForcedOC2Config                      0x08001b23   Thumb Code    26  stm32f10x_tim.o(.text)
    TIM_ForcedOC3Config                      0x08001b3d   Thumb Code    18  stm32f10x_tim.o(.text)
    TIM_ForcedOC4Config                      0x08001b4f   Thumb Code    26  stm32f10x_tim.o(.text)
    TIM_ARRPreloadConfig                     0x08001b69   Thumb Code    24  stm32f10x_tim.o(.text)
    TIM_SelectCOM                            0x08001b81   Thumb Code    24  stm32f10x_tim.o(.text)
    TIM_SelectCCDMA                          0x08001b99   Thumb Code    24  stm32f10x_tim.o(.text)
    TIM_CCPreloadControl                     0x08001bb1   Thumb Code    24  stm32f10x_tim.o(.text)
    TIM_OC1PreloadConfig                     0x08001bc9   Thumb Code    18  stm32f10x_tim.o(.text)
    TIM_OC2PreloadConfig                     0x08001bdb   Thumb Code    26  stm32f10x_tim.o(.text)
    TIM_OC3PreloadConfig                     0x08001bf5   Thumb Code    18  stm32f10x_tim.o(.text)
    TIM_OC4PreloadConfig                     0x08001c07   Thumb Code    26  stm32f10x_tim.o(.text)
    TIM_OC1FastConfig                        0x08001c21   Thumb Code    18  stm32f10x_tim.o(.text)
    TIM_OC2FastConfig                        0x08001c33   Thumb Code    26  stm32f10x_tim.o(.text)
    TIM_OC3FastConfig                        0x08001c4d   Thumb Code    18  stm32f10x_tim.o(.text)
    TIM_OC4FastConfig                        0x08001c5f   Thumb Code    26  stm32f10x_tim.o(.text)
    TIM_ClearOC1Ref                          0x08001c79   Thumb Code    18  stm32f10x_tim.o(.text)
    TIM_ClearOC2Ref                          0x08001c8b   Thumb Code    24  stm32f10x_tim.o(.text)
    TIM_ClearOC3Ref                          0x08001ca3   Thumb Code    18  stm32f10x_tim.o(.text)
    TIM_ClearOC4Ref                          0x08001cb5   Thumb Code    24  stm32f10x_tim.o(.text)
    TIM_OC1PolarityConfig                    0x08001ccd   Thumb Code    18  stm32f10x_tim.o(.text)
    TIM_OC1NPolarityConfig                   0x08001cdf   Thumb Code    18  stm32f10x_tim.o(.text)
    TIM_OC2PolarityConfig                    0x08001cf1   Thumb Code    26  stm32f10x_tim.o(.text)
    TIM_OC2NPolarityConfig                   0x08001d0b   Thumb Code    26  stm32f10x_tim.o(.text)
    TIM_OC3PolarityConfig                    0x08001d25   Thumb Code    26  stm32f10x_tim.o(.text)
    TIM_OC3NPolarityConfig                   0x08001d3f   Thumb Code    26  stm32f10x_tim.o(.text)
    TIM_OC4PolarityConfig                    0x08001d59   Thumb Code    26  stm32f10x_tim.o(.text)
    TIM_CCxCmd                               0x08001d73   Thumb Code    30  stm32f10x_tim.o(.text)
    TIM_CCxNCmd                              0x08001d91   Thumb Code    30  stm32f10x_tim.o(.text)
    TIM_SelectOCxM                           0x08001daf   Thumb Code    82  stm32f10x_tim.o(.text)
    TIM_UpdateDisableConfig                  0x08001e01   Thumb Code    24  stm32f10x_tim.o(.text)
    TIM_UpdateRequestConfig                  0x08001e19   Thumb Code    24  stm32f10x_tim.o(.text)
    TIM_SelectHallSensor                     0x08001e31   Thumb Code    24  stm32f10x_tim.o(.text)
    TIM_SelectOnePulseMode                   0x08001e49   Thumb Code    18  stm32f10x_tim.o(.text)
    TIM_SelectOutputTrigger                  0x08001e5b   Thumb Code    18  stm32f10x_tim.o(.text)
    TIM_SelectSlaveMode                      0x08001e6d   Thumb Code    18  stm32f10x_tim.o(.text)
    TIM_SelectMasterSlaveMode                0x08001e7f   Thumb Code    18  stm32f10x_tim.o(.text)
    TIM_SetCounter                           0x08001e91   Thumb Code     4  stm32f10x_tim.o(.text)
    TIM_SetAutoreload                        0x08001e95   Thumb Code     4  stm32f10x_tim.o(.text)
    TIM_SetCompare1                          0x08001e99   Thumb Code     4  stm32f10x_tim.o(.text)
    TIM_SetCompare2                          0x08001e9d   Thumb Code     4  stm32f10x_tim.o(.text)
    TIM_SetCompare3                          0x08001ea1   Thumb Code     4  stm32f10x_tim.o(.text)
    TIM_SetCompare4                          0x08001ea5   Thumb Code     6  stm32f10x_tim.o(.text)
    TIM_SetClockDivision                     0x08001eab   Thumb Code    18  stm32f10x_tim.o(.text)
    TIM_GetCapture1                          0x08001ebd   Thumb Code     6  stm32f10x_tim.o(.text)
    TIM_GetCapture2                          0x08001ec3   Thumb Code     6  stm32f10x_tim.o(.text)
    TIM_GetCapture3                          0x08001ec9   Thumb Code     6  stm32f10x_tim.o(.text)
    TIM_GetCapture4                          0x08001ecf   Thumb Code     8  stm32f10x_tim.o(.text)
    TIM_GetCounter                           0x08001ed7   Thumb Code     6  stm32f10x_tim.o(.text)
    TIM_GetPrescaler                         0x08001edd   Thumb Code     6  stm32f10x_tim.o(.text)
    TIM_GetFlagStatus                        0x08001ee3   Thumb Code    18  stm32f10x_tim.o(.text)
    TIM_ClearFlag                            0x08001ef5   Thumb Code     6  stm32f10x_tim.o(.text)
    TIM_GetITStatus                          0x08001efb   Thumb Code    34  stm32f10x_tim.o(.text)
    TIM_ClearITPendingBit                    0x08001f1d   Thumb Code     6  stm32f10x_tim.o(.text)
    USART_DeInit                             0x08001f25   Thumb Code   134  stm32f10x_usart.o(.text)
    USART_Init                               0x08001fab   Thumb Code   210  stm32f10x_usart.o(.text)
    USART_StructInit                         0x0800207d   Thumb Code    24  stm32f10x_usart.o(.text)
    USART_ClockInit                          0x08002095   Thumb Code    34  stm32f10x_usart.o(.text)
    USART_ClockStructInit                    0x080020b7   Thumb Code    12  stm32f10x_usart.o(.text)
    USART_Cmd                                0x080020c3   Thumb Code    24  stm32f10x_usart.o(.text)
    USART_ITConfig                           0x080020db   Thumb Code    74  stm32f10x_usart.o(.text)
    USART_DMACmd                             0x08002125   Thumb Code    18  stm32f10x_usart.o(.text)
    USART_SetAddress                         0x08002137   Thumb Code    18  stm32f10x_usart.o(.text)
    USART_WakeUpConfig                       0x08002149   Thumb Code    18  stm32f10x_usart.o(.text)
    USART_ReceiverWakeUpCmd                  0x0800215b   Thumb Code    24  stm32f10x_usart.o(.text)
    USART_LINBreakDetectLengthConfig         0x08002173   Thumb Code    18  stm32f10x_usart.o(.text)
    USART_LINCmd                             0x08002185   Thumb Code    24  stm32f10x_usart.o(.text)
    USART_SendData                           0x0800219d   Thumb Code     8  stm32f10x_usart.o(.text)
    USART_ReceiveData                        0x080021a5   Thumb Code    10  stm32f10x_usart.o(.text)
    USART_SendBreak                          0x080021af   Thumb Code    10  stm32f10x_usart.o(.text)
    USART_SetGuardTime                       0x080021b9   Thumb Code    16  stm32f10x_usart.o(.text)
    USART_SetPrescaler                       0x080021c9   Thumb Code    16  stm32f10x_usart.o(.text)
    USART_SmartCardCmd                       0x080021d9   Thumb Code    24  stm32f10x_usart.o(.text)
    USART_SmartCardNACKCmd                   0x080021f1   Thumb Code    24  stm32f10x_usart.o(.text)
    USART_HalfDuplexCmd                      0x08002209   Thumb Code    24  stm32f10x_usart.o(.text)
    USART_OverSampling8Cmd                   0x08002221   Thumb Code    22  stm32f10x_usart.o(.text)
    USART_OneBitMethodCmd                    0x08002237   Thumb Code    24  stm32f10x_usart.o(.text)
    USART_IrDAConfig                         0x0800224f   Thumb Code    18  stm32f10x_usart.o(.text)
    USART_IrDACmd                            0x08002261   Thumb Code    24  stm32f10x_usart.o(.text)
    USART_GetFlagStatus                      0x08002279   Thumb Code    26  stm32f10x_usart.o(.text)
    USART_ClearFlag                          0x08002293   Thumb Code    18  stm32f10x_usart.o(.text)
    USART_GetITStatus                        0x080022a5   Thumb Code    84  stm32f10x_usart.o(.text)
    USART_ClearITPendingBit                  0x080022f9   Thumb Code    52  stm32f10x_usart.o(.text)
    SystemInit                               0x08002409   Thumb Code    78  system_stm32f10x.o(.text)
    SystemCoreClockUpdate                    0x08002457   Thumb Code   142  system_stm32f10x.o(.text)
    I2C_Configuration                        0x08002509   Thumb Code    64  i2c.o(.text)
    I2C_WriteOneByte                         0x0800272d   Thumb Code    80  i2c.o(.text)
    I2C_ReadBytes                            0x0800277d   Thumb Code   132  i2c.o(.text)
    I2C_WriteBytes                           0x08002801   Thumb Code    44  i2c.o(.text)
    I2C_Test                                 0x0800282d   Thumb Code   178  i2c.o(.text)
    LED_GPIO_Config                          0x08002991   Thumb Code   112  led.o(.text)
    LEDXToggle                               0x08002a01   Thumb Code    58  led.o(.text)
    SYSTICK_Init                             0x08002a45   Thumb Code    86  systick.o(.text)
    delay_us                                 0x08002a9b   Thumb Code    16  systick.o(.text)
    delay_ms                                 0x08002aab   Thumb Code    26  systick.o(.text)
    USART1_Config                            0x08002ad9   Thumb Code   166  usart.o(.text)
    fputc                                    0x08002b7f   Thumb Code    32  usart.o(.text)
    USART_DMAToBuf1                          0x08002b9f   Thumb Code   110  usart.o(.text)
    WIZ_SPI_Init                             0x08002c29   Thumb Code    86  spix.o(.text)
    SPIX_SendByte                            0x08002c7f   Thumb Code    50  spix.o(.text)
    TimerNvic_Config                         0x08002cb5   Thumb Code    40  timer.o(.text)
    TIM2_Config                              0x08002cdd   Thumb Code   110  timer.o(.text)
    close                                    0x08002d4d   Thumb Code    52  socket.o(.text)
    socket                                   0x08002d81   Thumb Code   192  socket.o(.text)
    listen                                   0x08002e41   Thumb Code    62  socket.o(.text)
    connect                                  0x08002e7f   Thumb Code   248  socket.o(.text)
    disconnect                               0x08002f77   Thumb Code    38  socket.o(.text)
    send                                     0x08002f9d   Thumb Code   216  socket.o(.text)
    recv                                     0x08003075   Thumb Code    66  socket.o(.text)
    sendto                                   0x080030b7   Thumb Code   268  socket.o(.text)
    recvfrom                                 0x080031c3   Thumb Code   510  socket.o(.text)
    c2d                                      0x080033d9   Thumb Code    54  utility.o(.text)
    atoi16                                   0x0800340f   Thumb Code    32  utility.o(.text)
    atoi32                                   0x0800342f   Thumb Code    32  utility.o(.text)
    itoa                                     0x0800344f   Thumb Code    64  utility.o(.text)
    validatoi                                0x0800348f   Thumb Code    72  utility.o(.text)
    replacetochar                            0x080034d7   Thumb Code    26  utility.o(.text)
    swaps                                    0x080034f1   Thumb Code    14  utility.o(.text)
    swapl                                    0x080034ff   Thumb Code    28  utility.o(.text)
    mid                                      0x0800351b   Thumb Code    68  utility.o(.text)
    inet_addr_                               0x0800355f   Thumb Code    90  utility.o(.text)
    inet_ntoa                                0x080035b9   Thumb Code    40  utility.o(.text)
    inet_ntoa_pad                            0x080035e1   Thumb Code    40  utility.o(.text)
    verify_ip_address                        0x08003609   Thumb Code   116  utility.o(.text)
    htons                                    0x0800367d   Thumb Code    12  utility.o(.text)
    htonl                                    0x08003689   Thumb Code    12  utility.o(.text)
    ntohs                                    0x08003695   Thumb Code    12  utility.o(.text)
    ntohl                                    0x080036a1   Thumb Code    12  utility.o(.text)
    checksum                                 0x080036ad   Thumb Code    76  utility.o(.text)
    check_dest_in_local                      0x080036f9   Thumb Code    62  utility.o(.text)
    setMR                                    0x08003765   Thumb Code    14  w5500.o(.text)
    iinchip_init                             0x08003773   Thumb Code    10  w5500.o(.text)
    getIINCHIP_RxMAX                         0x0800377d   Thumb Code    10  w5500.o(.text)
    getIINCHIP_TxMAX                         0x08003787   Thumb Code    10  w5500.o(.text)
    setGAR                                   0x08003791   Thumb Code    16  w5500.o(.text)
    getGAR                                   0x080037a1   Thumb Code    16  w5500.o(.text)
    setSUBR                                  0x080037b1   Thumb Code    18  w5500.o(.text)
    setSHAR                                  0x080037c3   Thumb Code    18  w5500.o(.text)
    setSIPR                                  0x080037d5   Thumb Code    18  w5500.o(.text)
    getSUBR                                  0x080037e7   Thumb Code    18  w5500.o(.text)
    getSHAR                                  0x080037f9   Thumb Code    18  w5500.o(.text)
    getSIPR                                  0x0800380b   Thumb Code    18  w5500.o(.text)
    getIR                                    0x0800381d   Thumb Code    12  w5500.o(.text)
    setRTR                                   0x08003829   Thumb Code    26  w5500.o(.text)
    setRCR                                   0x08003843   Thumb Code    16  w5500.o(.text)
    clearIR                                  0x08003853   Thumb Code    26  w5500.o(.text)
    setSn_MSS                                0x0800386d   Thumb Code    36  w5500.o(.text)
    setSn_TTL                                0x08003891   Thumb Code    22  w5500.o(.text)
    getSn_IR                                 0x080038a7   Thumb Code    18  w5500.o(.text)
    setSn_IR                                 0x080038b9   Thumb Code    22  w5500.o(.text)
    getSn_SR                                 0x080038cf   Thumb Code    18  w5500.o(.text)
    getSn_TX_FSR                             0x080038e1   Thumb Code    84  w5500.o(.text)
    getSn_RX_RSR                             0x08003935   Thumb Code    84  w5500.o(.text)
    send_data_processing                     0x08003989   Thumb Code   116  w5500.o(.text)
    recv_data_processing                     0x080039fd   Thumb Code   116  w5500.o(.text)
    socket_buf_init                          0x08003a71   Thumb Code   128  w5500.o(.text)
    write_config_to_eeprom                   0x08003b39   Thumb Code    22  w5500_conf.o(.text)
    read_config_from_eeprom                  0x08003b4f   Thumb Code    22  w5500_conf.o(.text)
    set_w5500_ip                             0x08003b65   Thumb Code   324  w5500_conf.o(.text)
    set_w5500_mac                            0x08003ca9   Thumb Code    32  w5500_conf.o(.text)
    gpio_for_w5500_config                    0x08003cc9   Thumb Code   148  w5500_conf.o(.text)
    wiz_cs                                   0x08003d5d   Thumb Code    32  w5500_conf.o(.text)
    iinchip_csoff                            0x08003d7d   Thumb Code    10  w5500_conf.o(.text)
    iinchip_cson                             0x08003d87   Thumb Code    10  w5500_conf.o(.text)
    reset_w5500                              0x08003d91   Thumb Code    36  w5500_conf.o(.text)
    IINCHIP_SpiSendData                      0x08003db5   Thumb Code    12  w5500_conf.o(.text)
    IINCHIP_WRITE                            0x08003dc1   Thumb Code    50  w5500_conf.o(.text)
    IINCHIP_READ                             0x08003df3   Thumb Code    50  w5500_conf.o(.text)
    wiz_write_buf                            0x08003e25   Thumb Code    80  w5500_conf.o(.text)
    wiz_read_buf                             0x08003e75   Thumb Code    78  w5500_conf.o(.text)
    WizW5500_Init                            0x08003ec3   Thumb Code    40  w5500_conf.o(.text)
    timer2_init                              0x08003eeb   Thumb Code    16  w5500_conf.o(.text)
    dhcp_timer_init                          0x08003efb   Thumb Code     8  w5500_conf.o(.text)
    timer2_isr                               0x08003f03   Thumb Code   370  w5500_conf.o(.text)
    loopback_udp                             0x08004075   Thumb Code   164  udp_demo.o(.text)
    dma_udp                                  0x08004119   Thumb Code    56  udp_demo.o(.text)
    tosc_parseMessage                        0x08004179   Thumb Code    86  tinyosc.o(.text)
    tosc_isBundle                            0x080041cf   Thumb Code    60  tinyosc.o(.text)
    tosc_parseBundle                         0x0800420b   Thumb Code    14  tinyosc.o(.text)
    tosc_getTimetag                          0x08004219   Thumb Code    48  tinyosc.o(.text)
    tosc_getBundleLength                     0x08004249   Thumb Code     6  tinyosc.o(.text)
    tosc_getNextMessage                      0x0800424f   Thumb Code    56  tinyosc.o(.text)
    tosc_getAddress                          0x08004287   Thumb Code     6  tinyosc.o(.text)
    tosc_getFormat                           0x0800428d   Thumb Code     6  tinyosc.o(.text)
    tosc_getLength                           0x08004293   Thumb Code     6  tinyosc.o(.text)
    tosc_getNextInt32                        0x08004299   Thumb Code    24  tinyosc.o(.text)
    tosc_getNextInt64                        0x080042b1   Thumb Code    68  tinyosc.o(.text)
    tosc_getNextTimetag                      0x080042f5   Thumb Code    12  tinyosc.o(.text)
    tosc_getNextFloat                        0x08004301   Thumb Code    24  tinyosc.o(.text)
    tosc_getNextDouble                       0x08004319   Thumb Code    60  tinyosc.o(.text)
    tosc_getNextString                       0x08004355   Thumb Code    48  tinyosc.o(.text)
    tosc_getNextBlob                         0x08004385   Thumb Code    68  tinyosc.o(.text)
    tosc_getNextMidi                         0x080043c9   Thumb Code    12  tinyosc.o(.text)
    tosc_writeBundle                         0x080043d5   Thumb Code   134  tinyosc.o(.text)
    tosc_writeNextMessage                    0x080046e7   Thumb Code    88  tinyosc.o(.text)
    tosc_writeMessage                        0x0800473f   Thumb Code    48  tinyosc.o(.text)
    tosc_printMessage                        0x0800476f   Thumb Code   378  tinyosc.o(.text)
    tosc_printOscBuffer                      0x080048e9   Thumb Code    38  tinyosc.o(.text)
    GetCrcPackage                            0x080049bd   Thumb Code    18  radarsensor.o(.text)
    DecodeLaseData3Byte                      0x080049cf   Thumb Code    58  radarsensor.o(.text)
    __aeabi_memcpy                           0x08004a0d   Thumb Code    36  memcpya.o(.text)
    __aeabi_memcpy4                          0x08004a0d   Thumb Code     0  memcpya.o(.text)
    __aeabi_memcpy8                          0x08004a0d   Thumb Code     0  memcpya.o(.text)
    __aeabi_memset                           0x08004a31   Thumb Code    14  memseta.o(.text)
    __aeabi_memset4                          0x08004a31   Thumb Code     0  memseta.o(.text)
    __aeabi_memset8                          0x08004a31   Thumb Code     0  memseta.o(.text)
    __aeabi_memclr                           0x08004a3f   Thumb Code     4  memseta.o(.text)
    __aeabi_memclr4                          0x08004a3f   Thumb Code     0  memseta.o(.text)
    __aeabi_memclr8                          0x08004a3f   Thumb Code     0  memseta.o(.text)
    _memset$wrapper                          0x08004a43   Thumb Code    18  memseta.o(.text)
    strstr                                   0x08004a55   Thumb Code    36  strstr.o(.text)
    strncpy                                  0x08004a79   Thumb Code    24  strncpy.o(.text)
    strlen                                   0x08004a91   Thumb Code    14  strlen.o(.text)
    memcmp                                   0x08004a9f   Thumb Code    26  memcmp.o(.text)
    strcpy                                   0x08004ab9   Thumb Code    18  strcpy.o(.text)
    strtok                                   0x08004acd   Thumb Code    62  strtok.o(.text)
    __aeabi_f2d                              0x08004b11   Thumb Code    38  f2d.o(.text)
    __aeabi_d2f                              0x08004b37   Thumb Code    56  d2f.o(.text)
    __aeabi_uidiv                            0x08004b6f   Thumb Code     0  uidiv.o(.text)
    __aeabi_uidivmod                         0x08004b6f   Thumb Code    44  uidiv.o(.text)
    __aeabi_uldivmod                         0x08004b9b   Thumb Code    98  uldiv.o(.text)
    __I$use$fp                               0x08004bfd   Thumb Code     0  iusefp.o(.text)
    _float_round                             0x08004bfd   Thumb Code    18  fepilogue.o(.text)
    _float_epilogue                          0x08004c0f   Thumb Code    90  fepilogue.o(.text)
    __aeabi_dadd                             0x08004c69   Thumb Code   322  dadd.o(.text)
    __aeabi_dsub                             0x08004dab   Thumb Code     6  dadd.o(.text)
    __aeabi_drsub                            0x08004db1   Thumb Code     6  dadd.o(.text)
    __aeabi_dmul                             0x08004db7   Thumb Code   228  dmul.o(.text)
    __aeabi_ddiv                             0x08004e9b   Thumb Code   222  ddiv.o(.text)
    __aeabi_d2ulz                            0x08004f79   Thumb Code    48  dfixul.o(.text)
    __aeabi_cdrcmple                         0x08004fa9   Thumb Code    38  cdrcmple.o(.text)
    __scatterload                            0x08004fd1   Thumb Code    28  init.o(.text)
    __scatterload_rt2                        0x08004fd1   Thumb Code     0  init.o(.text)
    __aeabi_llsl                             0x08004ff5   Thumb Code    30  llshl.o(.text)
    _ll_shift_l                              0x08004ff5   Thumb Code     0  llshl.o(.text)
    __aeabi_llsr                             0x08005013   Thumb Code    32  llushr.o(.text)
    _ll_ushift_r                             0x08005013   Thumb Code     0  llushr.o(.text)
    __aeabi_lasr                             0x08005033   Thumb Code    36  llsshr.o(.text)
    _ll_sshift_r                             0x08005033   Thumb Code     0  llsshr.o(.text)
    _double_round                            0x08005057   Thumb Code    26  depilogue.o(.text)
    _double_epilogue                         0x08005071   Thumb Code   164  depilogue.o(.text)
    __decompress                             0x08005115   Thumb Code     0  __dczerorl2.o(.text)
    __decompress1                            0x08005115   Thumb Code    92  __dczerorl2.o(.text)
    __0printf                                0x08005171   Thumb Code    22  printfa.o(i.__0printf)
    __1printf                                0x08005171   Thumb Code     0  printfa.o(i.__0printf)
    __2printf                                0x08005171   Thumb Code     0  printfa.o(i.__0printf)
    __c89printf                              0x08005171   Thumb Code     0  printfa.o(i.__0printf)
    printf                                   0x08005171   Thumb Code     0  printfa.o(i.__0printf)
    __0sprintf                               0x08005191   Thumb Code    34  printfa.o(i.__0sprintf)
    __1sprintf                               0x08005191   Thumb Code     0  printfa.o(i.__0sprintf)
    __2sprintf                               0x08005191   Thumb Code     0  printfa.o(i.__0sprintf)
    __c89sprintf                             0x08005191   Thumb Code     0  printfa.o(i.__0sprintf)
    sprintf                                  0x08005191   Thumb Code     0  printfa.o(i.__0sprintf)
    __scatterload_copy                       0x080051b9   Thumb Code    14  handlers.o(i.__scatterload_copy)
    __scatterload_null                       0x080051c7   Thumb Code     2  handlers.o(i.__scatterload_null)
    __scatterload_zeroinit                   0x080051c9   Thumb Code    14  handlers.o(i.__scatterload_zeroinit)
    Region$$Table$$Base                      0x08005a84   Number         0  anon$$obj.o(Region$$Table)
    Region$$Table$$Limit                     0x08005aa4   Number         0  anon$$obj.o(Region$$Table)
    nTime                                    0x20000000   Data           2  stm32f10x_it.o(.data)
    SystemCoreClock                          0x20000018   Data           4  system_stm32f10x.o(.data)
    AHBPrescTable                            0x2000001c   Data          16  system_stm32f10x.o(.data)
    USART1_DMA_Buf1                          0x2000002c   Data         100  usart.o(.data)
    USART1_DMA_Buf2                          0x20000090   Data         100  usart.o(.data)
    Buf_Ok                                   0x200000f4   Data           1  usart.o(.data)
    Free_Buf_No                              0x200000f5   Data           1  usart.o(.data)
    txsize                                   0x200000f6   Data           8  w5500.o(.data)
    rxsize                                   0x200000fe   Data           8  w5500.o(.data)
    mac                                      0x20000108   Data           6  w5500_conf.o(.data)
    local_ip                                 0x2000010e   Data           4  w5500_conf.o(.data)
    subnet                                   0x20000112   Data           4  w5500_conf.o(.data)
    gateway                                  0x20000116   Data           4  w5500_conf.o(.data)
    dns_server                               0x2000011a   Data           4  w5500_conf.o(.data)
    local_port                               0x2000011e   Data           2  w5500_conf.o(.data)
    remote_ip                                0x20000120   Data           4  w5500_conf.o(.data)
    ray_remote_ip                            0x20000124   Data           4  w5500_conf.o(.data)
    remote_port                              0x20000128   Data           2  w5500_conf.o(.data)
    ray_remote_port                          0x2000012a   Data           2  w5500_conf.o(.data)
    dhcp_ok                                  0x2000012c   Data           1  w5500_conf.o(.data)
    ms                                       0x20000130   Data           4  w5500_conf.o(.data)
    dhcp_time                                0x20000134   Data           4  w5500_conf.o(.data)
    ntptimer                                 0x20000138   Data           1  w5500_conf.o(.data)
    ip_from                                  0x20000139   Data           1  w5500_conf.o(.data)
    __stdout                                 0x20000240   Data           4  stdout.o(.data)
    DMA_InitStructure                        0x20000244   Data          44  usart.o(.bss)
    SSIZE                                    0x200002a0   Data          16  w5500.o(.bss)
    RSIZE                                    0x200002b0   Data          16  w5500.o(.bss)
    TX_BUF                                   0x200002c0   Data        2048  w5500_conf.o(.bss)
    RX_BUF                                   0x20000ac0   Data        2048  w5500_conf.o(.bss)
    ConfigMsg                                0x200012c0   Data          28  w5500_conf.o(.bss)
    EEPROM_MSG                               0x200012dc   Data          18  w5500_conf.o(.bss)
    DHCP_GET                                 0x200012ee   Data          22  dhcp.o(.bss)
    EXTERN_DHCPBUF                           0x20001304   Data        1024  dhcp.o(.bss)
    __initial_sp                             0x20001b08   Data           0  startup_stm32f10x_md.o(STACK)



==============================================================================

Memory Map of the image

  Image Entry point : 0x080000ed

  Load Region LR_IROM1 (Base: 0x08000000, Size: 0x00005ce8, Max: 0x00010000, ABSOLUTE, COMPRESSED[0x00005b2c])

    Execution Region ER_IROM1 (Base: 0x08000000, Size: 0x00005aa4, Max: 0x00010000, ABSOLUTE)

    Base Addr    Size         Type   Attr      Idx    E Section Name        Object

    0x08000000   0x000000ec   Data   RO            3    RESET               startup_stm32f10x_md.o
    0x080000ec   0x00000000   Code   RO          761  * .ARM.Collect$$$$00000000  mc_w.l(entry.o)
    0x080000ec   0x00000004   Code   RO         1051    .ARM.Collect$$$$00000001  mc_w.l(entry2.o)
    0x080000f0   0x00000004   Code   RO         1054    .ARM.Collect$$$$00000004  mc_w.l(entry5.o)
    0x080000f4   0x00000000   Code   RO         1056    .ARM.Collect$$$$00000008  mc_w.l(entry7b.o)
    0x080000f4   0x00000000   Code   RO         1058    .ARM.Collect$$$$0000000A  mc_w.l(entry8b.o)
    0x080000f4   0x00000008   Code   RO         1059    .ARM.Collect$$$$0000000B  mc_w.l(entry9a.o)
    0x080000fc   0x00000000   Code   RO         1061    .ARM.Collect$$$$0000000D  mc_w.l(entry10a.o)
    0x080000fc   0x00000000   Code   RO         1063    .ARM.Collect$$$$0000000F  mc_w.l(entry11a.o)
    0x080000fc   0x00000004   Code   RO         1052    .ARM.Collect$$$$00002712  mc_w.l(entry2.o)
    0x08000100   0x00000024   Code   RO            4    .text               startup_stm32f10x_md.o
    0x08000124   0x00000208   Code   RO           10    .text               main.o
    0x0800032c   0x000000a8   Code   RO          156    .text               stm32f10x_it.o
    0x080003d4   0x000000dc   Code   RO          186    .text               misc.o
    0x080004b0   0x00000250   Code   RO          285    .text               stm32f10x_dma.o
    0x08000700   0x00000358   Code   RO          333    .text               stm32f10x_gpio.o
    0x08000a58   0x000003a4   Code   RO          381    .text               stm32f10x_rcc.o
    0x08000dfc   0x0000030c   Code   RO          419    .text               stm32f10x_spi.o
    0x08001108   0x00000e1a   Code   RO          431    .text               stm32f10x_tim.o
    0x08001f22   0x00000002   PAD
    0x08001f24   0x00000408   Code   RO          443    .text               stm32f10x_usart.o
    0x0800232c   0x000001dc   Code   RO          467    .text               system_stm32f10x.o
    0x08002508   0x00000488   Code   RO          504    .text               i2c.o
    0x08002990   0x000000b4   Code   RO          516    .text               led.o
    0x08002a44   0x00000094   Code   RO          528    .text               systick.o
    0x08002ad8   0x00000150   Code   RO          545    .text               usart.o
    0x08002c28   0x0000008c   Code   RO          564    .text               spix.o
    0x08002cb4   0x00000096   Code   RO          579    .text               timer.o
    0x08002d4a   0x00000002   PAD
    0x08002d4c   0x0000068c   Code   RO          597    .text               socket.o
    0x080033d8   0x0000038c   Code   RO          609    .text               utility.o
    0x08003764   0x000003d4   Code   RO          626    .text               w5500.o
    0x08003b38   0x0000053c   Code   RO          645    .text               w5500_conf.o
    0x08004074   0x00000104   Code   RO          705    .text               udp_demo.o
    0x08004178   0x00000844   Code   RO          723    .text               tinyosc.o
    0x080049bc   0x00000050   Code   RO          748    .text               radarsensor.o
    0x08004a0c   0x00000024   Code   RO          764    .text               mc_w.l(memcpya.o)
    0x08004a30   0x00000024   Code   RO          766    .text               mc_w.l(memseta.o)
    0x08004a54   0x00000024   Code   RO          768    .text               mc_w.l(strstr.o)
    0x08004a78   0x00000018   Code   RO          770    .text               mc_w.l(strncpy.o)
    0x08004a90   0x0000000e   Code   RO          772    .text               mc_w.l(strlen.o)
    0x08004a9e   0x0000001a   Code   RO          774    .text               mc_w.l(memcmp.o)
    0x08004ab8   0x00000012   Code   RO          776    .text               mc_w.l(strcpy.o)
    0x08004aca   0x00000002   PAD
    0x08004acc   0x00000044   Code   RO          778    .text               mc_w.l(strtok.o)
    0x08004b10   0x00000026   Code   RO         1047    .text               mf_w.l(f2d.o)
    0x08004b36   0x00000038   Code   RO         1049    .text               mf_w.l(d2f.o)
    0x08004b6e   0x0000002c   Code   RO         1066    .text               mc_w.l(uidiv.o)
    0x08004b9a   0x00000062   Code   RO         1068    .text               mc_w.l(uldiv.o)
    0x08004bfc   0x00000000   Code   RO         1070    .text               mc_w.l(iusefp.o)
    0x08004bfc   0x0000006c   Code   RO         1071    .text               mf_w.l(fepilogue.o)
    0x08004c68   0x0000014e   Code   RO         1073    .text               mf_w.l(dadd.o)
    0x08004db6   0x000000e4   Code   RO         1075    .text               mf_w.l(dmul.o)
    0x08004e9a   0x000000de   Code   RO         1077    .text               mf_w.l(ddiv.o)
    0x08004f78   0x00000030   Code   RO         1079    .text               mf_w.l(dfixul.o)
    0x08004fa8   0x00000028   Code   RO         1081    .text               mf_w.l(cdrcmple.o)
    0x08004fd0   0x00000024   Code   RO         1083    .text               mc_w.l(init.o)
    0x08004ff4   0x0000001e   Code   RO         1085    .text               mc_w.l(llshl.o)
    0x08005012   0x00000020   Code   RO         1087    .text               mc_w.l(llushr.o)
    0x08005032   0x00000024   Code   RO         1089    .text               mc_w.l(llsshr.o)
    0x08005056   0x000000be   Code   RO         1091    .text               mf_w.l(depilogue.o)
    0x08005114   0x0000005c   Code   RO         1101    .text               mc_w.l(__dczerorl2.o)
    0x08005170   0x00000020   Code   RO         1019    i.__0printf         mc_w.l(printfa.o)
    0x08005190   0x00000028   Code   RO         1021    i.__0sprintf        mc_w.l(printfa.o)
    0x080051b8   0x0000000e   Code   RO         1095    i.__scatterload_copy  mc_w.l(handlers.o)
    0x080051c6   0x00000002   Code   RO         1096    i.__scatterload_null  mc_w.l(handlers.o)
    0x080051c8   0x0000000e   Code   RO         1097    i.__scatterload_zeroinit  mc_w.l(handlers.o)
    0x080051d6   0x00000002   PAD
    0x080051d8   0x0000015c   Code   RO         1026    i._fp_digits        mc_w.l(printfa.o)
    0x08005334   0x000006f0   Code   RO         1027    i._printf_core      mc_w.l(printfa.o)
    0x08005a24   0x00000026   Code   RO         1028    i._printf_post_padding  mc_w.l(printfa.o)
    0x08005a4a   0x00000030   Code   RO         1029    i._printf_pre_padding  mc_w.l(printfa.o)
    0x08005a7a   0x0000000a   Code   RO         1031    i._sputc            mc_w.l(printfa.o)
    0x08005a84   0x00000020   Data   RO         1093    Region$$Table       anon$$obj.o


    Execution Region RW_IRAM1 (Base: 0x20000000, Size: 0x00001b08, Max: 0x00005000, ABSOLUTE, COMPRESSED[0x00000088])

    Base Addr    Size         Type   Attr      Idx    E Section Name        Object

    0x20000000   0x00000002   Data   RW          157    .data               stm32f10x_it.o
    0x20000002   0x00000014   Data   RW          382    .data               stm32f10x_rcc.o
    0x20000016   0x00000002   PAD
    0x20000018   0x00000014   Data   RW          468    .data               system_stm32f10x.o
    0x2000002c   0x000000ca   Data   RW          547    .data               usart.o
    0x200000f6   0x00000010   Data   RW          628    .data               w5500.o
    0x20000106   0x00000002   PAD
    0x20000108   0x00000032   Data   RW          647    .data               w5500_conf.o
    0x2000013a   0x00000100   Data   RW          749    .data               radarsensor.o
    0x2000023a   0x00000002   PAD
    0x2000023c   0x00000004   Data   RW          779    .data               mc_w.l(strtok.o)
    0x20000240   0x00000004   Data   RW         1065    .data               mc_w.l(stdout.o)
    0x20000244   0x0000002c   Zero   RW          546    .bss                usart.o
    0x20000270   0x00000030   Zero   RW          610    .bss                utility.o
    0x200002a0   0x00000020   Zero   RW          627    .bss                w5500.o
    0x200002c0   0x0000102e   Zero   RW          646    .bss                w5500_conf.o
    0x200012ee   0x00000416   Zero   RW          674    .bss                dhcp.o
    0x20001704   0x00000004   PAD
    0x20001708   0x00000400   Zero   RW            1    STACK               startup_stm32f10x_md.o


==============================================================================

Image component sizes


      Code (inc. data)   RO Data    RW Data    ZI Data      Debug   Object Name

         0          0          0          0       1046       4398   dhcp.o
      1160        178          0          0          0       3423   i2c.o
       180         10          0          0          0        681   led.o
       520        204          0          0          0     269599   main.o
       220         20          0          0          0       1809   misc.o
        80          4          0        256          0        872   radarsensor.o
      1676         48          0          0          0       3783   socket.o
       140          4          0          0          0        697   spix.o
        36          8        236          0       1024        876   startup_stm32f10x_md.o
       592          8          0          0          0       4338   stm32f10x_dma.o
       856         40          0          0          0       5653   stm32f10x_gpio.o
       168         28          0          2          0       3527   stm32f10x_it.o
       932         44          0         20          0       8792   stm32f10x_rcc.o
       780         14          0          0          0       6534   stm32f10x_spi.o
      3610         88          0          0          0      22136   stm32f10x_tim.o
      1032         22          0          0          0       8380   stm32f10x_usart.o
       476         36          0         20          0       1887   system_stm32f10x.o
       148         20          0          0          0      16104   systick.o
       150          0          0          0          0        651   timer.o
      2116        182          0          0          0       8367   tinyosc.o
       260         40          0          0          0       1439   udp_demo.o
       336         28          0        202         44       2285   usart.o
       908         46          0          0         48       5571   utility.o
       980         72          0         16         32       5636   w5500.o
      1340        334          0         50       4142       6198   w5500_conf.o

    ----------------------------------------------------------------------
     18700       1478        268        572       6340     393636   Object Totals
         0          0         32          0          0          0   (incl. Generated)
         4          0          0          6          4          0   (incl. Padding)

    ----------------------------------------------------------------------

      Code (inc. data)   RO Data    RW Data    ZI Data      Debug   Library Member Name

        92          0          0          0          0          0   __dczerorl2.o
         0          0          0          0          0          0   entry.o
         0          0          0          0          0          0   entry10a.o
         0          0          0          0          0          0   entry11a.o
         8          4          0          0          0          0   entry2.o
         4          0          0          0          0          0   entry5.o
         0          0          0          0          0          0   entry7b.o
         0          0          0          0          0          0   entry8b.o
         8          4          0          0          0          0   entry9a.o
        30          0          0          0          0          0   handlers.o
        36          8          0          0          0         68   init.o
         0          0          0          0          0          0   iusefp.o
        30          0          0          0          0         68   llshl.o
        36          0          0          0          0         68   llsshr.o
        32          0          0          0          0         68   llushr.o
        26          0          0          0          0         80   memcmp.o
        36          0          0          0          0         68   memcpya.o
        36          0          0          0          0        108   memseta.o
      2292         96          0          0          0        596   printfa.o
         0          0          0          4          0          0   stdout.o
        18          0          0          0          0         68   strcpy.o
        14          0          0          0          0         68   strlen.o
        24          0          0          0          0         76   strncpy.o
        36          0          0          0          0         80   strstr.o
        68          6          0          4          0         80   strtok.o
        44          0          0          0          0         80   uidiv.o
        98          0          0          0          0         92   uldiv.o
        40          2          0          0          0         68   cdrcmple.o
        56          0          0          0          0         88   d2f.o
       334          0          0          0          0        144   dadd.o
       222          0          0          0          0        100   ddiv.o
       190          0          0          0          0        176   depilogue.o
        48          0          0          0          0         68   dfixul.o
       228          0          0          0          0         92   dmul.o
        38          0          0          0          0         68   f2d.o
       108          0          0          0          0        168   fepilogue.o

    ----------------------------------------------------------------------
      4236        120          0          8          0       2640   Library Totals
         4          0          0          0          0          0   (incl. Padding)

    ----------------------------------------------------------------------

      Code (inc. data)   RO Data    RW Data    ZI Data      Debug   Library Name

      2968        118          0          8          0       1668   mc_w.l
      1264          2          0          0          0        972   mf_w.l

    ----------------------------------------------------------------------
      4236        120          0          8          0       2640   Library Totals

    ----------------------------------------------------------------------

==============================================================================


      Code (inc. data)   RO Data    RW Data    ZI Data      Debug   

     22936       1598        268        580       6340     392532   Grand Totals
     22936       1598        268        136       6340     392532   ELF Image Totals (compressed)
     22936       1598        268        136          0          0   ROM Totals

==============================================================================

    Total RO  Size (Code + RO Data)                23204 (  22.66kB)
    Total RW  Size (RW Data + ZI Data)              6920 (   6.76kB)
    Total ROM Size (Code + RO Data + RW Data)      23340 (  22.79kB)

==============================================================================

